main.c:346:6:SystemClock_Config	104	static,ignoring_inline_asm
main.c:180:5:main	312	static,ignoring_inline_asm
main.c:668:6:HAL_GPIO_EXTI_Callback	8	static
main.c:890:6:HAL_UART_TxCpltCallback	0	static
main.c:902:7:Hex_to_dec	56	static
main.c:935:6:calc_crc	16	static
main.c:963:8:rtc_read	72	static
main.c:1076:6:tcpecho_thread	48	static
main.c:689:6:HAL_UART_RxCpltCallback	48	static,ignoring_inline_asm
main.c:992:6:tcpecho_init	16	static
main.c:1007:6:StartDefaultTask	16	static
main.c:1167:6:HAL_TIM_PeriodElapsedCallback	0	static
main.c:1184:6:Error_Handler	0	static,ignoring_inline_asm
