main.c:180:5:main	272	static
main.c:346:6:SystemClock_Config	104	static
main.c:398:13:MX_RTC_Init	32	static
main.c:460:13:MX_SPI3_Init	8	static
main.c:498:13:MX_TIM2_Init	32	static
main.c:543:13:MX_USART1_UART_Init	8	static
main.c:576:13:MX_USART2_UART_Init	8	static
main.c:609:13:MX_GPIO_Init	56	static
main.c:668:6:HAL_GPIO_EXTI_Callback	24	static
main.c:689:6:HAL_UART_RxCpltCallback	48	static
main.c:890:6:HAL_UART_TxCpltCallback	16	static
main.c:902:7:Hex_to_dec	48	static
main.c:935:6:calc_crc	16	static
main.c:963:8:rtc_read	88	static
main.c:992:6:tcpecho_init	16	static
main.c:1007:6:StartDefaultTask	32	static
main.c:1075:6:tcpecho_thread	48	static
main.c:1166:6:HAL_TIM_PeriodElapsedCallback	16	static
main.c:1183:6:Error_Handler	4	static,ignoring_inline_asm
