Archive member included to satisfy reference by file (symbol)

c:/st/stm32cubeide_1.6.1/stm32cubeide/plugins/com.st.stm32cube.ide.mcu.externaltools.gnu-tools-for-stm32.9-2020-q2-update.win32_1.5.0.202011040924/tools/bin/../lib/gcc/arm-none-eabi/9.3.1/../../../../arm-none-eabi/lib/thumb/v7e-m+fp/hard\libc_nano.a(lib_a-atoi.o)
                              Core/Src/main.o (atoi)
c:/st/stm32cubeide_1.6.1/stm32cubeide/plugins/com.st.stm32cube.ide.mcu.externaltools.gnu-tools-for-stm32.9-2020-q2-update.win32_1.5.0.202011040924/tools/bin/../lib/gcc/arm-none-eabi/9.3.1/../../../../arm-none-eabi/lib/thumb/v7e-m+fp/hard\libc_nano.a(lib_a-ctype_.o)
                              Middlewares/Third_Party/LwIP/src/core/ipv4/ip4_addr.o (_ctype_)
c:/st/stm32cubeide_1.6.1/stm32cubeide/plugins/com.st.stm32cube.ide.mcu.externaltools.gnu-tools-for-stm32.9-2020-q2-update.win32_1.5.0.202011040924/tools/bin/../lib/gcc/arm-none-eabi/9.3.1/../../../../arm-none-eabi/lib/thumb/v7e-m+fp/hard\libc_nano.a(lib_a-exit.o)
                              c:/st/stm32cubeide_1.6.1/stm32cubeide/plugins/com.st.stm32cube.ide.mcu.externaltools.gnu-tools-for-stm32.9-2020-q2-update.win32_1.5.0.202011040924/tools/bin/../lib/gcc/arm-none-eabi/9.3.1/../../../../arm-none-eabi/lib/thumb/v7e-m+fp/hard/crt0.o (exit)
c:/st/stm32cubeide_1.6.1/stm32cubeide/plugins/com.st.stm32cube.ide.mcu.externaltools.gnu-tools-for-stm32.9-2020-q2-update.win32_1.5.0.202011040924/tools/bin/../lib/gcc/arm-none-eabi/9.3.1/../../../../arm-none-eabi/lib/thumb/v7e-m+fp/hard\libc_nano.a(lib_a-impure.o)
                              c:/st/stm32cubeide_1.6.1/stm32cubeide/plugins/com.st.stm32cube.ide.mcu.externaltools.gnu-tools-for-stm32.9-2020-q2-update.win32_1.5.0.202011040924/tools/bin/../lib/gcc/arm-none-eabi/9.3.1/../../../../arm-none-eabi/lib/thumb/v7e-m+fp/hard\libc_nano.a(lib_a-exit.o) (_global_impure_ptr)
c:/st/stm32cubeide_1.6.1/stm32cubeide/plugins/com.st.stm32cube.ide.mcu.externaltools.gnu-tools-for-stm32.9-2020-q2-update.win32_1.5.0.202011040924/tools/bin/../lib/gcc/arm-none-eabi/9.3.1/../../../../arm-none-eabi/lib/thumb/v7e-m+fp/hard\libc_nano.a(lib_a-init.o)
                              c:/st/stm32cubeide_1.6.1/stm32cubeide/plugins/com.st.stm32cube.ide.mcu.externaltools.gnu-tools-for-stm32.9-2020-q2-update.win32_1.5.0.202011040924/tools/bin/../lib/gcc/arm-none-eabi/9.3.1/../../../../arm-none-eabi/lib/thumb/v7e-m+fp/hard/crt0.o (__libc_init_array)
c:/st/stm32cubeide_1.6.1/stm32cubeide/plugins/com.st.stm32cube.ide.mcu.externaltools.gnu-tools-for-stm32.9-2020-q2-update.win32_1.5.0.202011040924/tools/bin/../lib/gcc/arm-none-eabi/9.3.1/../../../../arm-none-eabi/lib/thumb/v7e-m+fp/hard\libc_nano.a(lib_a-lcltime_r.o)
                              Core/Src/myapi.o (localtime_r)
c:/st/stm32cubeide_1.6.1/stm32cubeide/plugins/com.st.stm32cube.ide.mcu.externaltools.gnu-tools-for-stm32.9-2020-q2-update.win32_1.5.0.202011040924/tools/bin/../lib/gcc/arm-none-eabi/9.3.1/../../../../arm-none-eabi/lib/thumb/v7e-m+fp/hard\libc_nano.a(lib_a-memcmp.o)
                              Core/Src/post_api.o (memcmp)
c:/st/stm32cubeide_1.6.1/stm32cubeide/plugins/com.st.stm32cube.ide.mcu.externaltools.gnu-tools-for-stm32.9-2020-q2-update.win32_1.5.0.202011040924/tools/bin/../lib/gcc/arm-none-eabi/9.3.1/../../../../arm-none-eabi/lib/thumb/v7e-m+fp/hard\libc_nano.a(lib_a-memcpy-stub.o)
                              Core/Src/myapi.o (memcpy)
c:/st/stm32cubeide_1.6.1/stm32cubeide/plugins/com.st.stm32cube.ide.mcu.externaltools.gnu-tools-for-stm32.9-2020-q2-update.win32_1.5.0.202011040924/tools/bin/../lib/gcc/arm-none-eabi/9.3.1/../../../../arm-none-eabi/lib/thumb/v7e-m+fp/hard\libc_nano.a(lib_a-memmove.o)
                              Middlewares/Third_Party/LwIP/src/core/def.o (memmove)
c:/st/stm32cubeide_1.6.1/stm32cubeide/plugins/com.st.stm32cube.ide.mcu.externaltools.gnu-tools-for-stm32.9-2020-q2-update.win32_1.5.0.202011040924/tools/bin/../lib/gcc/arm-none-eabi/9.3.1/../../../../arm-none-eabi/lib/thumb/v7e-m+fp/hard\libc_nano.a(lib_a-memset.o)
                              c:/st/stm32cubeide_1.6.1/stm32cubeide/plugins/com.st.stm32cube.ide.mcu.externaltools.gnu-tools-for-stm32.9-2020-q2-update.win32_1.5.0.202011040924/tools/bin/../lib/gcc/arm-none-eabi/9.3.1/../../../../arm-none-eabi/lib/thumb/v7e-m+fp/hard/crt0.o (memset)
c:/st/stm32cubeide_1.6.1/stm32cubeide/plugins/com.st.stm32cube.ide.mcu.externaltools.gnu-tools-for-stm32.9-2020-q2-update.win32_1.5.0.202011040924/tools/bin/../lib/gcc/arm-none-eabi/9.3.1/../../../../arm-none-eabi/lib/thumb/v7e-m+fp/hard\libc_nano.a(lib_a-mktime.o)
                              Core/Src/main.o (mktime)
c:/st/stm32cubeide_1.6.1/stm32cubeide/plugins/com.st.stm32cube.ide.mcu.externaltools.gnu-tools-for-stm32.9-2020-q2-update.win32_1.5.0.202011040924/tools/bin/../lib/gcc/arm-none-eabi/9.3.1/../../../../arm-none-eabi/lib/thumb/v7e-m+fp/hard\libc_nano.a(lib_a-month_lengths.o)
[...]
Memory Configuration

Name             Origin             Length             Attributes
CCMRAM           0x0000000010000000 0x0000000000010000 xrw
RAM              0x0000000020000000 0x0000000000020000 xrw
FLASH            0x0000000008000000 0x0000000000100000 xr
*default*        0x0000000000000000 0xffffffffffffffff

Linker script and memory map

LOAD c:/st/stm32cubeide_1.6.1/stm32cubeide/plugins/com.st.stm32cube.ide.mcu.externaltools.gnu-tools-for-stm32.9-2020-q2-update.win32_1.5.0.202011040924/tools/bin/../lib/gcc/arm-none-eabi/9.3.1/thumb/v7e-m+fp/hard/crti.o
LOAD c:/st/stm32cubeide_1.6.1/stm32cubeide/plugins/com.st.stm32cube.ide.mcu.externaltools.gnu-tools-for-stm32.9-2020-q2-update.win32_1.5.0.202011040924/tools/bin/../lib/gcc/arm-none-eabi/9.3.1/thumb/v7e-m+fp/hard/crtbegin.o
LOAD c:/st/stm32cubeide_1.6.1/stm32cubeide/plugins/com.st.stm32cube.ide.mcu.externaltools.gnu-tools-for-stm32.9-2020-q2-update.win32_1.5.0.202011040924/tools/bin/../lib/gcc/arm-none-eabi/9.3.1/../../../../arm-none-eabi/lib/thumb/v7e-m+fp/hard/crt0.o
LOAD Core/Src/MyFlash.o
LOAD Core/Src/freertos.o
LOAD Core/Src/gpio.o
LOAD Core/Src/main.o
LOAD Core/Src/myapi.o
LOAD Core/Src/post_api.o
LOAD Core/Src/stm32f4xx_hal_msp.o
LOAD Core/Src/stm32f4xx_hal_timebase_tim.o
LOAD Core/Src/stm32f4xx_it.o
LOAD Core/Src/syscalls.o
LOAD Core/Src/sysmem.o
LOAD Core/Src/system_stm32f4xx.o
LOAD Core/Startup/startup_stm32f407vgtx.o
LOAD Drivers/STM32F4xx_HAL_Driver/Src/stm32f4xx_hal.o
LOAD Drivers/STM32F4xx_HAL_Driver/Src/stm32f4xx_hal_cortex.o
LOAD Drivers/STM32F4xx_HAL_Driver/Src/stm32f4xx_hal_dma.o
LOAD Drivers/STM32F4xx_HAL_Driver/Src/stm32f4xx_hal_dma_ex.o
LOAD Drivers/STM32F4xx_HAL_Driver/Src/stm32f4xx_hal_eth.o
LOAD Drivers/STM32F4xx_HAL_Driver/Src/stm32f4xx_hal_exti.o
LOAD Drivers/STM32F4xx_HAL_Driver/Src/stm32f4xx_hal_flash.o
LOAD Drivers/STM32F4xx_HAL_Driver/Src/stm32f4xx_hal_flash_ex.o
LOAD Drivers/STM32F4xx_HAL_Driver/Src/stm32f4xx_hal_flash_ramfunc.o
LOAD Drivers/STM32F4xx_HAL_Driver/Src/stm32f4xx_hal_gpio.o
LOAD Drivers/STM32F4xx_HAL_Driver/Src/stm32f4xx_hal_pcd.o
LOAD Drivers/STM32F4xx_HAL_Driver/Src/stm32f4xx_hal_pcd_ex.o
LOAD Drivers/STM32F4xx_HAL_Driver/Src/stm32f4xx_hal_pwr.o
LOAD Drivers/STM32F4xx_HAL_Driver/Src/stm32f4xx_hal_pwr_ex.o
LOAD Drivers/STM32F4xx_HAL_Driver/Src/stm32f4xx_hal_rcc.o
LOAD Drivers/STM32F4xx_HAL_Driver/Src/stm32f4xx_hal_rcc_ex.o
LOAD Drivers/STM32F4xx_HAL_Driver/Src/stm32f4xx_hal_rtc.o
LOAD Drivers/STM32F4xx_HAL_Driver/Src/stm32f4xx_hal_rtc_ex.o
LOAD Drivers/STM32F4xx_HAL_Driver/Src/stm32f4xx_hal_spi.o
LOAD Drivers/STM32F4xx_HAL_Driver/Src/stm32f4xx_hal_tim.o
LOAD Drivers/STM32F4xx_HAL_Driver/Src/stm32f4xx_hal_tim_ex.o
LOAD Drivers/STM32F4xx_HAL_Driver/Src/stm32f4xx_hal_uart.o
LOAD Drivers/STM32F4xx_HAL_Driver/Src/stm32f4xx_ll_usb.o
LOAD LWIP/App/lwip.o
LOAD LWIP/Target/ethernetif.o
LOAD Middlewares/ST/STM32_USB_Device_Library/Class/CDC/Src/usbd_cdc.o
LOAD Middlewares/ST/STM32_USB_Device_Library/Core/Src/usbd_core.o
LOAD Middlewares/ST/STM32_USB_Device_Library/Core/Src/usbd_ctlreq.o
LOAD Middlewares/ST/STM32_USB_Device_Library/Core/Src/usbd_ioreq.o
LOAD Middlewares/Third_Party/FreeRTOS/Source/CMSIS_RTOS/cmsis_os.o
LOAD Middlewares/Third_Party/FreeRTOS/Source/croutine.o
LOAD Middlewares/Third_Party/FreeRTOS/Source/event_groups.o
LOAD Middlewares/Third_Party/FreeRTOS/Source/list.o
LOAD Middlewares/Third_Party/FreeRTOS/Source/queue.o
LOAD Middlewares/Third_Party/FreeRTOS/Source/stream_buffer.o
LOAD Middlewares/Third_Party/FreeRTOS/Source/tasks.o
LOAD Middlewares/Third_Party/FreeRTOS/Source/timers.o
LOAD Middlewares/Third_Party/FreeRTOS/Source/portable/GCC/ARM_CM4F/port.o
LOAD Middlewares/Third_Party/FreeRTOS/Source/portable/MemMang/heap_4.o
LOAD Middlewares/Third_Party/LwIP/src/api/api_lib.o
LOAD Middlewares/Third_Party/LwIP/src/api/api_msg.o
LOAD Middlewares/Third_Party/LwIP/src/api/err.o
LOAD Middlewares/Third_Party/LwIP/src/api/if_api.o
LOAD Middlewares/Third_Party/LwIP/src/api/netbuf.o
LOAD Middlewares/Third_Party/LwIP/src/api/netdb.o
LOAD Middlewares/Third_Party/LwIP/src/api/netifapi.o
LOAD Middlewares/Third_Party/LwIP/src/api/sockets.o
LOAD Middlewares/Third_Party/LwIP/src/api/tcpip.o
LOAD Middlewares/Third_Party/LwIP/src/apps/http/fs.o
LOAD Middlewares/Third_Party/LwIP/src/apps/http/httpd.o
LOAD Middlewares/Third_Party/LwIP/src/apps/mqtt/mqtt.o
LOAD Middlewares/Third_Party/LwIP/src/core/altcp.o
LOAD Middlewares/Third_Party/LwIP/src/core/altcp_alloc.o
LOAD Middlewares/Third_Party/LwIP/src/core/altcp_tcp.o
LOAD Middlewares/Third_Party/LwIP/src/core/def.o
LOAD Middlewares/Third_Party/LwIP/src/core/dns.o
LOAD Middlewares/Third_Party/LwIP/src/core/inet_chksum.o
LOAD Middlewares/Third_Party/LwIP/src/core/init.o
LOAD Middlewares/Third_Party/LwIP/src/core/ip.o
LOAD Middlewares/Third_Party/LwIP/src/core/mem.o
LOAD Middlewares/Third_Party/LwIP/src/core/memp.o
LOAD Middlewares/Third_Party/LwIP/src/core/netif.o
LOAD Middlewares/Third_Party/LwIP/src/core/pbuf.o
LOAD Middlewares/Third_Party/LwIP/src/core/raw.o
LOAD Middlewares/Third_Party/LwIP/src/core/stats.o
LOAD Middlewares/Third_Party/LwIP/src/core/sys.o
LOAD Middlewares/Third_Party/LwIP/src/core/tcp.o
LOAD Middlewares/Third_Party/LwIP/src/core/tcp_in.o
LOAD Middlewares/Third_Party/LwIP/src/core/tcp_out.o
LOAD Middlewares/Third_Party/LwIP/src/core/timeouts.o
LOAD Middlewares/Third_Party/LwIP/src/core/udp.o
LOAD Middlewares/Third_Party/LwIP/src/core/ipv4/autoip.o
LOAD Middlewares/Third_Party/LwIP/src/core/ipv4/dhcp.o
LOAD Middlewares/Third_Party/LwIP/src/core/ipv4/etharp.o
LOAD Middlewares/Third_Party/LwIP/src/core/ipv4/icmp.o
LOAD Middlewares/Third_Party/LwIP/src/core/ipv4/igmp.o
LOAD Middlewares/Third_Party/LwIP/src/core/ipv4/ip4.o
LOAD Middlewares/Third_Party/LwIP/src/core/ipv4/ip4_addr.o
LOAD Middlewares/Third_Party/LwIP/src/core/ipv4/ip4_frag.o
LOAD Middlewares/Third_Party/LwIP/src/core/ipv6/dhcp6.o
LOAD Middlewares/Third_Party/LwIP/src/core/ipv6/ethip6.o
LOAD Middlewares/Third_Party/LwIP/src/core/ipv6/icmp6.o
LOAD Middlewares/Third_Party/LwIP/src/core/ipv6/inet6.o
LOAD Middlewares/Third_Party/LwIP/src/core/ipv6/ip6.o
LOAD Middlewares/Third_Party/LwIP/src/core/ipv6/ip6_addr.o
LOAD Middlewares/Third_Party/LwIP/src/core/ipv6/ip6_frag.o
LOAD Middlewares/Third_Party/LwIP/src/core/ipv6/mld6.o
LOAD Middlewares/Third_Party/LwIP/src/core/ipv6/nd6.o
LOAD Middlewares/Third_Party/LwIP/src/netif/bridgeif.o
LOAD Middlewares/Third_Party/LwIP/src/netif/bridgeif_fdb.o
LOAD Middlewares/Third_Party/LwIP/src/netif/ethernet.o
LOAD Middlewares/Third_Party/LwIP/src/netif/lowpan6.o
LOAD Middlewares/Third_Party/LwIP/src/netif/lowpan6_ble.o
LOAD Middlewares/Third_Party/LwIP/src/netif/lowpan6_common.o
LOAD Middlewares/Third_Party/LwIP/src/netif/slipif.o
LOAD Middlewares/Third_Party/LwIP/src/netif/zepif.o
LOAD Middlewares/Third_Party/LwIP/src/netif/ppp/auth.o
LOAD Middlewares/Third_Party/LwIP/src/netif/ppp/ccp.o
LOAD Middlewares/Third_Party/LwIP/src/netif/ppp/chap-md5.o
LOAD Middlewares/Third_Party/LwIP/src/netif/ppp/chap-new.o
LOAD Middlewares/Third_Party/LwIP/src/netif/ppp/chap_ms.o
LOAD Middlewares/Third_Party/LwIP/src/netif/ppp/demand.o
LOAD Middlewares/Third_Party/LwIP/src/netif/ppp/eap.o
LOAD Middlewares/Third_Party/LwIP/src/netif/ppp/ecp.o
LOAD Middlewares/Third_Party/LwIP/src/netif/ppp/eui64.o
LOAD Middlewares/Third_Party/LwIP/src/netif/ppp/fsm.o
LOAD Middlewares/Third_Party/LwIP/src/netif/ppp/ipcp.o
LOAD Middlewares/Third_Party/LwIP/src/netif/ppp/ipv6cp.o
LOAD Middlewares/Third_Party/LwIP/src/netif/ppp/lcp.o
LOAD Middlewares/Third_Party/LwIP/src/netif/ppp/magic.o
LOAD Middlewares/Third_Party/LwIP/src/netif/ppp/mppe.o
LOAD Middlewares/Third_Party/LwIP/src/netif/ppp/multilink.o
LOAD Middlewares/Third_Party/LwIP/src/netif/ppp/ppp.o
LOAD Middlewares/Third_Party/LwIP/src/netif/ppp/pppapi.o
LOAD Middlewares/Third_Party/LwIP/src/netif/ppp/pppcrypt.o
LOAD Middlewares/Third_Party/LwIP/src/netif/ppp/pppoe.o
LOAD Middlewares/Third_Party/LwIP/src/netif/ppp/pppol2tp.o
LOAD Middlewares/Third_Party/LwIP/src/netif/ppp/pppos.o
LOAD Middlewares/Third_Party/LwIP/src/netif/ppp/upap.o
LOAD Middlewares/Third_Party/LwIP/src/netif/ppp/utils.o
LOAD Middlewares/Third_Party/LwIP/src/netif/ppp/vj.o
LOAD Middlewares/Third_Party/LwIP/system/OS/sys_arch.o
LOAD USB_DEVICE/App/usb_device.o
LOAD USB_DEVICE/App/usbd_cdc_if.o
LOAD USB_DEVICE/App/usbd_desc.o
LOAD USB_DEVICE/Target/usbd_conf.o
START GROUP
LOAD c:/st/stm32cubeide_1.6.1/stm32cubeide/plugins/com.st.stm32cube.ide.mcu.externaltools.gnu-tools-for-stm32.9-2020-q2-update.win32_1.5.0.202011040924/tools/bin/../lib/gcc/arm-none-eabi/9.3.1/../../../../arm-none-eabi/lib/thumb/v7e-m+fp/hard\libc_nano.a
LOAD c:/st/stm32cubeide_1.6.1/stm32cubeide/plugins/com.st.stm32cube.ide.mcu.externaltools.gnu-tools-for-stm32.9-2020-q2-update.win32_1.5.0.202011040924/tools/bin/../lib/gcc/arm-none-eabi/9.3.1/../../../../arm-none-eabi/lib/thumb/v7e-m+fp/hard\libm.a
END GROUP
START GROUP
LOAD c:/st/stm32cubeide_1.6.1/stm32cubeide/plugins/com.st.stm32cube.ide.mcu.externaltools.gnu-tools-for-stm32.9-2020-q2-update.win32_1.5.0.202011040924/tools/bin/../lib/gcc/arm-none-eabi/9.3.1/thumb/v7e-m+fp/hard\libgcc.a
LOAD c:/st/stm32cubeide_1.6.1/stm32cubeide/plugins/com.st.stm32cube.ide.mcu.externaltools.gnu-tools-for-stm32.9-2020-q2-update.win32_1.5.0.202011040924/tools/bin/../lib/gcc/arm-none-eabi/9.3.1/../../../../arm-none-eabi/lib/thumb/v7e-m+fp/hard\libc_nano.a
END GROUP
START GROUP
LOAD c:/st/stm32cubeide_1.6.1/stm32cubeide/plugins/com.st.stm32cube.ide.mcu.externaltools.gnu-tools-for-stm32.9-2020-q2-update.win32_1.5.0.202011040924/tools/bin/../lib/gcc/arm-none-eabi/9.3.1/thumb/v7e-m+fp/hard\libgcc.a
LOAD c:/st/stm32cubeide_1.6.1/stm32cubeide/plugins/com.st.stm32cube.ide.mcu.externaltools.gnu-tools-for-stm32.9-2020-q2-update.win32_1.5.0.202011040924/tools/bin/../lib/gcc/arm-none-eabi/9.3.1/../../../../arm-none-eabi/lib/thumb/v7e-m+fp/hard\libc_nano.a
LOAD c:/st/stm32cubeide_1.6.1/stm32cubeide/plugins/com.st.stm32cube.ide.mcu.externaltools.gnu-tools-for-stm32.9-2020-q2-update.win32_1.5.0.202011040924/tools/bin/../lib/gcc/arm-none-eabi/9.3.1/../../../../arm-none-eabi/lib/thumb/v7e-m+fp/hard\libnosys.a
END GROUP
START GROUP
LOAD c:/st/stm32cubeide_1.6.1/stm32cubeide/plugins/com.st.stm32cube.ide.mcu.externaltools.gnu-tools-for-stm32.9-2020-q2-update.win32_1.5.0.202011040924/tools/bin/../lib/gcc/arm-none-eabi/9.3.1/thumb/v7e-m+fp/hard\libgcc.a
LOAD c:/st/stm32cubeide_1.6.1/stm32cubeide/plugins/com.st.stm32cube.ide.mcu.externaltools.gnu-tools-for-stm32.9-2020-q2-update.win32_1.5.0.202011040924/tools/bin/../lib/gcc/arm-none-eabi/9.3.1/../../../../arm-none-eabi/lib/thumb/v7e-m+fp/hard\libc_nano.a
LOAD c:/st/stm32cubeide_1.6.1/stm32cubeide/plugins/com.st.stm32cube.ide.mcu.externaltools.gnu-tools-for-stm32.9-2020-q2-update.win32_1.5.0.202011040924/tools/bin/../lib/gcc/arm-none-eabi/9.3.1/../../../../arm-none-eabi/lib/thumb/v7e-m+fp/hard\libnosys.a
END GROUP
LOAD c:/st/stm32cubeide_1.6.1/stm32cubeide/plugins/com.st.stm32cube.ide.mcu.externaltools.gnu-tools-for-stm32.9-2020-q2-update.win32_1.5.0.202011040924/tools/bin/../lib/gcc/arm-none-eabi/9.3.1/thumb/v7e-m+fp/hard/crtend.o
LOAD c:/st/stm32cubeide_1.6.1/stm32cubeide/plugins/com.st.stm32cube.ide.mcu.externaltools.gnu-tools-for-stm32.9-2020-q2-update.win32_1.5.0.202011040924/tools/bin/../lib/gcc/arm-none-eabi/9.3.1/thumb/v7e-m+fp/hard/crtn.o
                0x0000000020020000                _estack = (ORIGIN (RAM) + LENGTH (RAM))
                0x0000000000000200                _Min_Heap_Size = 0x200
                0x0000000000000400                _Min_Stack_Size = 0x400

.isr_vector     0x0000000008000000      0x188
                0x0000000008000000                . = ALIGN (0x4)
 *(.isr_vector)
 .isr_vector    0x0000000008000000      0x188 Core/Startup/startup_stm32f407vgtx.o
                0x0000000008000000                g_pfnVectors
                0x0000000008000188                . = ALIGN (0x4)

.text           0x0000000008000190    0x1544c
                0x0000000008000190                . = ALIGN (0x4)
 *(.text)
 .text          0x0000000008000190       0x40 c:/st/stm32cubeide_1.6.1/stm32cubeide/plugins/com.st.stm32cube.ide.mcu.externaltools.gnu-tools-for-stm32.9-2020-q2-update.win32_1.5.0.202011040924/tools/bin/../lib/gcc/arm-none-eabi/9.3.1/thumb/v7e-m+fp/hard/crtbegin.o
 .text          0x00000000080001d0       0x14 c:/st/stm32cubeide_1.6.1/stm32cubeide/plugins/com.st.stm32cube.ide.mcu.externaltools.gnu-tools-for-stm32.9-2020-q2-update.win32_1.5.0.202011040924/tools/bin/../lib/gcc/arm-none-eabi/9.3.1/../../../../arm-none-eabi/lib/thumb/v7e-m+fp/hard\libc_nano.a(lib_a-strcmp.o)
                0x00000000080001d0                strcmp
 .text          0x00000000080001e4       0x10 c:/st/stm32cubeide_1.6.1/stm32cubeide/plugins/com.st.stm32cube.ide.mcu.externaltools.gnu-tools-for-stm32.9-2020-q2-update.win32_1.5.0.202011040924/tools/bin/../lib/gcc/arm-none-eabi/9.3.1/../../../../arm-none-eabi/lib/thumb/v7e-m+fp/hard\libc_nano.a(lib_a-strlen.o)
                0x00000000080001e4                strlen
 *fill*         0x00000000080001f4        0xc 
 .text          0x0000000008000200       0xa0 c:/st/stm32cubeide_1.6.1/stm32cubeide/plugins/com.st.stm32cube.ide.mcu.externaltools.gnu-tools-for-stm32.9-2020-q2-update.win32_1.5.0.202011040924/tools/bin/../lib/gcc/arm-none-eabi/9.3.1/../../../../arm-none-eabi/lib/thumb/v7e-m+fp/hard\libc_nano.a(lib_a-memchr.o)
                0x0000000008000200                memchr
 .text          0x00000000080002a0      0x378 c:/st/stm32cubeide_1.6.1/stm32cubeide/plugins/com.st.stm32cube.ide.mcu.externaltools.gnu-tools-for-stm32.9-2020-q2-update.win32_1.5.0.202011040924/tools/bin/../lib/gcc/arm-none-eabi/9.3.1/thumb/v7e-m+fp/hard\libgcc.a(_arm_addsubdf3.o)
                0x00000000080002a0                __aeabi_drsub
                0x00000000080002a8                __aeabi_dsub
                0x00000000080002a8                __subdf3
                0x00000000080002ac                __aeabi_dadd
                0x00000000080002ac                __adddf3
                0x0000000008000524                __floatunsidf
                0x0000000008000524                __aeabi_ui2d
                0x0000000008000544                __floatsidf
                0x0000000008000544                __aeabi_i2d
                0x0000000008000568                __aeabi_f2d
                0x0000000008000568                __extendsfdf2
                0x00000000080005ac                __floatundidf
                0x00000000080005ac                __aeabi_ul2d
                0x00000000080005bc                __floatdidf
                0x00000000080005bc                __aeabi_l2d
 .text          0x0000000008000618      0x424 c:/st/stm32cubeide_1.6.1/stm32cubeide/plugins/com.st.stm32cube.ide.mcu.externaltools.gnu-tools-for-stm32.9-2020-q2-update.win32_1.5.0.202011040924/tools/bin/../lib/gcc/arm-none-eabi/9.3.1/thumb/v7e-m+fp/hard\libgcc.a(_arm_muldivdf3.o)
                0x0000000008000618                __aeabi_dmul
                0x0000000008000618                __muldf3
                0x000000000800086c                __divdf3
                0x000000000800086c                __aeabi_ddiv
 .text          0x0000000008000a3c      0x110 c:/st/stm32cubeide_1.6.1/stm32cubeide/plugins/com.st.stm32cube.ide.mcu.externaltools.gnu-tools-for-stm32.9-2020-q2-update.win32_1.5.0.202011040924/tools/bin/../lib/gcc/arm-none-eabi/9.3.1/thumb/v7e-m+fp/hard\libgcc.a(_arm_cmpdf2.o)
                0x0000000008000a3c                __gtdf2
                0x0000000008000a3c                __gedf2
                0x0000000008000a44                __ltdf2
                0x0000000008000a44                __ledf2
                0x0000000008000a4c                __nedf2
                0x0000000008000a4c                __eqdf2
                0x0000000008000a4c                __cmpdf2
                0x0000000008000ac8                __aeabi_cdrcmple
                0x0000000008000ad8                __aeabi_cdcmpeq
                0x0000000008000ad8                __aeabi_cdcmple
                0x0000000008000ae8                __aeabi_dcmpeq
                0x0000000008000afc                __aeabi_dcmplt
                0x0000000008000b10                __aeabi_dcmple
                0x0000000008000b24                __aeabi_dcmpge
                0x0000000008000b38                __aeabi_dcmpgt
 .text          0x0000000008000b4c       0x2c c:/st/stm32cubeide_1.6.1/stm32cubeide/plugins/com.st.stm32cube.ide.mcu.externaltools.gnu-tools-for-stm32.9-2020-q2-update.win32_1.5.0.202011040924/tools/bin/../lib/gcc/arm-none-eabi/9.3.1/thumb/v7e-m+fp/hard\libgcc.a(_arm_unorddf2.o)
                0x0000000008000b4c                __unorddf2
                0x0000000008000b4c                __aeabi_dcmpun
 .text          0x0000000008000b78       0x50 c:/st/stm32cubeide_1.6.1/stm32cubeide/plugins/com.st.stm32cube.ide.mcu.externaltools.gnu-tools-for-stm32.9-2020-q2-update.win32_1.5.0.202011040924/tools/bin/../lib/gcc/arm-none-eabi/9.3.1/thumb/v7e-m+fp/hard\libgcc.a(_arm_fixdfsi.o)
                0x0000000008000b78                __aeabi_d2iz
                0x0000000008000b78                __fixdfsi
 .text          0x0000000008000bc8       0xa0 c:/st/stm32cubeide_1.6.1/stm32cubeide/plugins/com.st.stm32cube.ide.mcu.externaltools.gnu-tools-for-stm32.9-2020-q2-update.win32_1.5.0.202011040924/tools/bin/../lib/gcc/arm-none-eabi/9.3.1/thumb/v7e-m+fp/hard\libgcc.a(_aeabi_ldivmod.o)
                0x0000000008000bc8                __aeabi_ldivmod
 .text          0x0000000008000c68       0x30 c:/st/stm32cubeide_1.6.1/stm32cubeide/plugins/com.st.stm32cube.ide.mcu.externaltools.gnu-tools-for-stm32.9-2020-q2-update.win32_1.5.0.202011040924/tools/bin/../lib/gcc/arm-none-eabi/9.3.1/thumb/v7e-m+fp/hard\libgcc.a(_aeabi_uldivmod.o)
                0x0000000008000c68                __aeabi_uldivmod
 .text          0x0000000008000c98       0x30 c:/st/stm32cubeide_1.6.1/stm32cubeide/plugins/com.st.stm32cube.ide.mcu.externaltools.gnu-tools-for-stm32.9-2020-q2-update.win32_1.5.0.202011040924/tools/bin/../lib/gcc/arm-none-eabi/9.3.1/thumb/v7e-m+fp/hard\libgcc.a(_fixdfdi.o)
                0x0000000008000c98                __fixdfdi
                0x0000000008000c98                __aeabi_d2lz
 .text          0x0000000008000cc8       0x3c c:/st/stm32cubeide_1.6.1/stm32cubeide/plugins/com.st.stm32cube.ide.mcu.externaltools.gnu-tools-for-stm32.9-2020-q2-update.win32_1.5.0.202011040924/tools/bin/../lib/gcc/arm-none-eabi/9.3.1/thumb/v7e-m+fp/hard\libgcc.a(_fixunsdfdi.o)
                0x0000000008000cc8                __fixunsdfdi
                0x0000000008000cc8                __aeabi_d2ulz
 .text          0x0000000008000d04      0x2c4 c:/st/stm32cubeide_1.6.1/stm32cubeide/plugins/com.st.stm32cube.ide.mcu.externaltools.gnu-tools-for-stm32.9-2020-q2-update.win32_1.5.0.202011040924/tools/bin/../lib/gcc/arm-none-eabi/9.3.1/thumb/v7e-m+fp/hard\libgcc.a(_udivmoddi4.o)
                0x0000000008000d04                __udivmoddi4
 .text          0x0000000008000fc8        0x4 c:/st/stm32cubeide_1.6.1/stm32cubeide/plugins/com.st.stm32cube.ide.mcu.externaltools.gnu-tools-for-stm32.9-2020-q2-update.win32_1.5.0.202011040924/tools/bin/../lib/gcc/arm-none-eabi/9.3.1/thumb/v7e-m+fp/hard\libgcc.a(_dvmd_tls.o)
                0x0000000008000fc8                __aeabi_idiv0
                0x0000000008000fc8                __aeabi_ldiv0
 .text          0x0000000008000fcc       0x40 c:/st/stm32cubeide_1.6.1/stm32cubeide/plugins/com.st.stm32cube.ide.mcu.externaltools.gnu-tools-for-stm32.9-2020-q2-update.win32_1.5.0.202011040924/tools/bin/../lib/gcc/arm-none-eabi/9.3.1/thumb/v7e-m+fp/hard\libgcc.a(_arm_fixunsdfsi.o)
                0x0000000008000fcc                __aeabi_d2uiz
                0x0000000008000fcc                __fixunsdfsi
 *(.text*)
 .text.clearFlash
                0x000000000800100c       0x30 Core/Src/MyFlash.o
                0x000000000800100c                clearFlash
 .text.WriteDeviceAddressOffset
                0x000000000800103c       0x34 Core/Src/MyFlash.o
                0x000000000800103c                WriteDeviceAddressOffset
 .text.ReadDeviceAddressOffset
                0x0000000008001070       0x1a Core/Src/MyFlash.o
                0x0000000008001070                ReadDeviceAddressOffset
 *fill*         0x000000000800108a        0x2 
 .text.vApplicationGetIdleTaskMemory
                0x000000000800108c       0x18 Core/Src/freertos.o
                0x000000000800108c                vApplicationGetIdleTaskMemory
 .text.SystemClock_Config
                0x00000000080010a4       0xc4 Core/Src/main.o
                0x00000000080010a4                SystemClock_Config
 .text.startup.main
                0x0000000008001168      0x588 Core/Src/main.o
                0x0000000008001168                main
 .text.HAL_GPIO_EXTI_Callback
                0x00000000080016f0       0x78 Core/Src/main.o
                0x00000000080016f0                HAL_GPIO_EXTI_Callback
 .text.HAL_UART_TxCpltCallback
                0x0000000008001768       0x1c Core/Src/main.o
                0x0000000008001768                HAL_UART_TxCpltCallback
 *fill*         0x0000000008001784        0x4 
 .text.Hex_to_dec
                0x0000000008001788       0x94 Core/Src/main.o
                0x0000000008001788                Hex_to_dec
 .text.calc_crc
                0x000000000800181c       0x80 Core/Src/main.o
                0x000000000800181c                calc_crc
 .text.rtc_read
                0x000000000800189c       0x74 Core/Src/main.o
                0x000000000800189c                rtc_read
 .text.tcpecho_thread
                0x0000000008001910      0x130 Core/Src/main.o
                0x0000000008001910                tcpecho_thread
 .text.HAL_UART_RxCpltCallback
                0x0000000008001a40      0x354 Core/Src/main.o
                0x0000000008001a40                HAL_UART_RxCpltCallback
 .text.tcpecho_init
                0x0000000008001d94       0x24 Core/Src/main.o
                0x0000000008001d94                tcpecho_init
 .text.StartDefaultTask
                0x0000000008001db8       0x9c Core/Src/main.o
                0x0000000008001db8                StartDefaultTask
 .text.HAL_TIM_PeriodElapsedCallback
                0x0000000008001e54       0x14 Core/Src/main.o
                0x0000000008001e54                HAL_TIM_PeriodElapsedCallback
 .text.Error_Handler
                0x0000000008001e68        0x4 Core/Src/main.o
                0x0000000008001e68                Error_Handler
 .text.fs_open_custom
                0x0000000008001e6c      0x1b4 Core/Src/myapi.o
                0x0000000008001e6c                fs_open_custom
 .text.fs_close_custom
                0x0000000008002020       0x14 Core/Src/myapi.o
                0x0000000008002020                fs_close_custom
 .text.jsoneq.constprop.0
                0x0000000008002034       0x40 Core/Src/post_api.o
 .text.jsmn_parse
                0x0000000008002074      0x350 Core/Src/post_api.o
                0x0000000008002074                jsmn_parse
 .text.httpd_post_begin
                0x00000000080023c4       0x64 Core/Src/post_api.o
                0x00000000080023c4                httpd_post_begin
 .text.httpd_post_receive_data
                0x0000000008002428      0x1c8 Core/Src/post_api.o
                0x0000000008002428                httpd_post_receive_data
 .text.httpd_post_finished
                0x00000000080025f0       0x48 Core/Src/post_api.o
                0x00000000080025f0                httpd_post_finished
 .text.HAL_MspInit
                0x0000000008002638       0x40 Core/Src/stm32f4xx_hal_msp.o
                0x0000000008002638                HAL_MspInit
 .text.HAL_RTC_MspInit
                0x0000000008002678       0x18 Core/Src/stm32f4xx_hal_msp.o
                0x0000000008002678                HAL_RTC_MspInit
 .text.HAL_SPI_MspInit
                0x0000000008002690       0x70 Core/Src/stm32f4xx_hal_msp.o
                0x0000000008002690                HAL_SPI_MspInit
 .text.HAL_TIM_Base_MspInit
                0x0000000008002700       0x3e Core/Src/stm32f4xx_hal_msp.o
                0x0000000008002700                HAL_TIM_Base_MspInit
 *fill*         0x000000000800273e        0x2 
 .text.HAL_UART_MspInit
                0x0000000008002740       0xdc Core/Src/stm32f4xx_hal_msp.o
                0x0000000008002740                HAL_UART_MspInit
 .text.HAL_InitTick
                0x000000000800281c       0x7c Core/Src/stm32f4xx_hal_timebase_tim.o
                0x000000000800281c                HAL_InitTick
 .text.NMI_Handler
                0x0000000008002898        0x2 Core/Src/stm32f4xx_it.o
                0x0000000008002898                NMI_Handler
 .text.HardFault_Handler
                0x000000000800289a        0x2 Core/Src/stm32f4xx_it.o
                0x000000000800289a                HardFault_Handler
 .text.MemManage_Handler
                0x000000000800289c        0x2 Core/Src/stm32f4xx_it.o
                0x000000000800289c                MemManage_Handler
 .text.BusFault_Handler
                0x000000000800289e        0x2 Core/Src/stm32f4xx_it.o
                0x000000000800289e                BusFault_Handler
 .text.UsageFault_Handler
                0x00000000080028a0        0x2 Core/Src/stm32f4xx_it.o
                0x00000000080028a0                UsageFault_Handler
 .text.DebugMon_Handler
                0x00000000080028a2        0x2 Core/Src/stm32f4xx_it.o
                0x00000000080028a2                DebugMon_Handler
 .text.TIM1_UP_TIM10_IRQHandler
                0x00000000080028a4        0xc Core/Src/stm32f4xx_it.o
                0x00000000080028a4                TIM1_UP_TIM10_IRQHandler
 .text.TIM2_IRQHandler
                0x00000000080028b0        0xc Core/Src/stm32f4xx_it.o
                0x00000000080028b0                TIM2_IRQHandler
 .text.USART1_IRQHandler
                0x00000000080028bc        0xc Core/Src/stm32f4xx_it.o
                0x00000000080028bc                USART1_IRQHandler
 .text.EXTI15_10_IRQHandler
                0x00000000080028c8        0x8 Core/Src/stm32f4xx_it.o
                0x00000000080028c8                EXTI15_10_IRQHandler
 .text.ETH_IRQHandler
                0x00000000080028d0        0xc Core/Src/stm32f4xx_it.o
                0x00000000080028d0                ETH_IRQHandler
 .text.OTG_FS_IRQHandler
                0x00000000080028dc        0xc Core/Src/stm32f4xx_it.o
                0x00000000080028dc                OTG_FS_IRQHandler
 .text._getpid  0x00000000080028e8        0x4 Core/Src/syscalls.o
                0x00000000080028e8                _getpid
 .text._kill    0x00000000080028ec       0x10 Core/Src/syscalls.o
                0x00000000080028ec                _kill
 .text._exit    0x00000000080028fc        0xc Core/Src/syscalls.o
                0x00000000080028fc                _exit
 .text._read    0x0000000008002908       0x1a Core/Src/syscalls.o
                0x0000000008002908                _read
 .text._write   0x0000000008002922       0x1a Core/Src/syscalls.o
                0x0000000008002922                _write
 .text._close   0x000000000800293c        0x6 Core/Src/syscalls.o
                0x000000000800293c                _close
 .text._fstat   0x0000000008002942        0xa Core/Src/syscalls.o
                0x0000000008002942                _fstat
 .text._isatty  0x000000000800294c        0x4 Core/Src/syscalls.o
                0x000000000800294c                _isatty
 .text._lseek   0x0000000008002950        0x4 Core/Src/syscalls.o
                0x0000000008002950                _lseek
 .text._sbrk    0x0000000008002954       0x40 Core/Src/sysmem.o
                0x0000000008002954                _sbrk
 .text.SystemInit
                0x0000000008002994       0x14 Core/Src/system_stm32f4xx.o
                0x0000000008002994                SystemInit
 .text.Reset_Handler
                0x00000000080029a8       0x50 Core/Startup/startup_stm32f407vgtx.o
                0x00000000080029a8                Reset_Handler
 .text.Default_Handler
                0x00000000080029f8        0x2 Core/Startup/startup_stm32f407vgtx.o
                0x00000000080029f8                RTC_Alarm_IRQHandler
                0x00000000080029f8                HASH_RNG_IRQHandler
                0x00000000080029f8                EXTI2_IRQHandler
                0x00000000080029f8                TIM8_CC_IRQHandler
                0x00000000080029f8                TIM1_CC_IRQHandler
                0x00000000080029f8                DMA2_Stream5_IRQHandler
                0x00000000080029f8                DMA1_Stream5_IRQHandler
                0x00000000080029f8                PVD_IRQHandler
                0x00000000080029f8                SDIO_IRQHandler
                0x00000000080029f8                TAMP_STAMP_IRQHandler
                0x00000000080029f8                CAN2_RX1_IRQHandler
                0x00000000080029f8                EXTI3_IRQHandler
                0x00000000080029f8                TIM8_TRG_COM_TIM14_IRQHandler
                0x00000000080029f8                TIM8_UP_TIM13_IRQHandler
                0x00000000080029f8                I2C3_ER_IRQHandler
                0x00000000080029f8                EXTI0_IRQHandler
                0x00000000080029f8                I2C2_EV_IRQHandler
                0x00000000080029f8                DMA1_Stream2_IRQHandler
                0x00000000080029f8                CAN1_RX0_IRQHandler
                0x00000000080029f8                FPU_IRQHandler
                0x00000000080029f8                OTG_HS_WKUP_IRQHandler
                0x00000000080029f8                CAN2_SCE_IRQHandler
                0x00000000080029f8                DMA2_Stream2_IRQHandler
                0x00000000080029f8                SPI1_IRQHandler
                0x00000000080029f8                TIM6_DAC_IRQHandler
                0x00000000080029f8                TIM1_BRK_TIM9_IRQHandler
                0x00000000080029f8                DCMI_IRQHandler
                0x00000000080029f8                CAN2_RX0_IRQHandler
                0x00000000080029f8                DMA2_Stream3_IRQHandler
                0x00000000080029f8                USART6_IRQHandler
                0x00000000080029f8                USART3_IRQHandler
                0x00000000080029f8                CAN1_RX1_IRQHandler
                0x00000000080029f8                UART5_IRQHandler
                0x00000000080029f8                DMA2_Stream0_IRQHandler
                0x00000000080029f8                TIM4_IRQHandler
                0x00000000080029f8                I2C1_EV_IRQHandler
                0x00000000080029f8                DMA1_Stream6_IRQHandler
                0x00000000080029f8                DMA1_Stream1_IRQHandler
                0x00000000080029f8                UART4_IRQHandler
                0x00000000080029f8                TIM3_IRQHandler
                0x00000000080029f8                RCC_IRQHandler
                0x00000000080029f8                TIM8_BRK_TIM12_IRQHandler
                0x00000000080029f8                Default_Handler
                0x00000000080029f8                ADC_IRQHandler
                0x00000000080029f8                DMA1_Stream7_IRQHandler
                0x00000000080029f8                TIM7_IRQHandler
                0x00000000080029f8                CAN2_TX_IRQHandler
                0x00000000080029f8                TIM5_IRQHandler
                0x00000000080029f8                DMA2_Stream7_IRQHandler
                0x00000000080029f8                I2C3_EV_IRQHandler
                0x00000000080029f8                EXTI9_5_IRQHandler
                0x00000000080029f8                RTC_WKUP_IRQHandler
                0x00000000080029f8                ETH_WKUP_IRQHandler
                0x00000000080029f8                SPI2_IRQHandler
                0x00000000080029f8                OTG_HS_EP1_IN_IRQHandler
                0x00000000080029f8                DMA1_Stream0_IRQHandler
                0x00000000080029f8                CAN1_TX_IRQHandler
                0x00000000080029f8                EXTI4_IRQHandler
                0x00000000080029f8                FSMC_IRQHandler
                0x00000000080029f8                OTG_HS_EP1_OUT_IRQHandler
                0x00000000080029f8                WWDG_IRQHandler
                0x00000000080029f8                OTG_FS_WKUP_IRQHandler
                0x00000000080029f8                TIM1_TRG_COM_TIM11_IRQHandler
                0x00000000080029f8                OTG_HS_IRQHandler
                0x00000000080029f8                EXTI1_IRQHandler
                0x00000000080029f8                USART2_IRQHandler
                0x00000000080029f8                I2C2_ER_IRQHandler
                0x00000000080029f8                DMA2_Stream1_IRQHandler
                0x00000000080029f8                CAN1_SCE_IRQHandler
                0x00000000080029f8                FLASH_IRQHandler
                0x00000000080029f8                DMA2_Stream4_IRQHandler
                0x00000000080029f8                SPI3_IRQHandler
                0x00000000080029f8                DMA1_Stream4_IRQHandler
                0x00000000080029f8                I2C1_ER_IRQHandler
                0x00000000080029f8                DMA2_Stream6_IRQHandler
                0x00000000080029f8                DMA1_Stream3_IRQHandler
 *fill*         0x00000000080029fa        0x2 
 .text.HAL_Init
                0x00000000080029fc       0x34 Drivers/STM32F4xx_HAL_Driver/Src/stm32f4xx_hal.o
                0x00000000080029fc                HAL_Init
 .text.HAL_IncTick
                0x0000000008002a30       0x18 Drivers/STM32F4xx_HAL_Driver/Src/stm32f4xx_hal.o
                0x0000000008002a30                HAL_IncTick
 .text.HAL_GetTick
                0x0000000008002a48        0xc Drivers/STM32F4xx_HAL_Driver/Src/stm32f4xx_hal.o
                0x0000000008002a48                HAL_GetTick
 .text.HAL_Delay
                0x0000000008002a54       0x28 Drivers/STM32F4xx_HAL_Driver/Src/stm32f4xx_hal.o
                0x0000000008002a54                HAL_Delay
 .text.HAL_NVIC_SetPriorityGrouping
                0x0000000008002a7c       0x24 Drivers/STM32F4xx_HAL_Driver/Src/stm32f4xx_hal_cortex.o
                0x0000000008002a7c                HAL_NVIC_SetPriorityGrouping
 .text.HAL_NVIC_SetPriority
                0x0000000008002aa0       0x64 Drivers/STM32F4xx_HAL_Driver/Src/stm32f4xx_hal_cortex.o
                0x0000000008002aa0                HAL_NVIC_SetPriority
 .text.HAL_NVIC_EnableIRQ
                0x0000000008002b04       0x1c Drivers/STM32F4xx_HAL_Driver/Src/stm32f4xx_hal_cortex.o
                0x0000000008002b04                HAL_NVIC_EnableIRQ
 .text.HAL_DMA_Abort
                0x0000000008002b20       0x88 Drivers/STM32F4xx_HAL_Driver/Src/stm32f4xx_hal_dma.o
                0x0000000008002b20                HAL_DMA_Abort
 .text.HAL_DMA_Abort_IT
                0x0000000008002ba8       0x24 Drivers/STM32F4xx_HAL_Driver/Src/stm32f4xx_hal_dma.o
                0x0000000008002ba8                HAL_DMA_Abort_IT
 .text.ETH_Delay.constprop.0
                0x0000000008002bcc       0x24 Drivers/STM32F4xx_HAL_Driver/Src/stm32f4xx_hal_eth.o
 .text.ETH_FlushTransmitFIFO
                0x0000000008002bf0       0x28 Drivers/STM32F4xx_HAL_Driver/Src/stm32f4xx_hal_eth.o
 .text.ETH_MACDMAConfig
                0x0000000008002c18       0xf4 Drivers/STM32F4xx_HAL_Driver/Src/stm32f4xx_hal_eth.o
 .text.HAL_ETH_DMATxDescListInit
                0x0000000008002d0c       0x78 Drivers/STM32F4xx_HAL_Driver/Src/stm32f4xx_hal_eth.o
                0x0000000008002d0c                HAL_ETH_DMATxDescListInit
 .text.HAL_ETH_DMARxDescListInit
                0x0000000008002d84       0x74 Drivers/STM32F4xx_HAL_Driver/Src/stm32f4xx_hal_eth.o
                0x0000000008002d84                HAL_ETH_DMARxDescListInit
 .text.HAL_ETH_TransmitFrame
                0x0000000008002df8       0xe8 Drivers/STM32F4xx_HAL_Driver/Src/stm32f4xx_hal_eth.o
                0x0000000008002df8                HAL_ETH_TransmitFrame
 .text.HAL_ETH_GetReceivedFrame_IT
                0x0000000008002ee0       0x8a Drivers/STM32F4xx_HAL_Driver/Src/stm32f4xx_hal_eth.o
                0x0000000008002ee0                HAL_ETH_GetReceivedFrame_IT
 .text.HAL_ETH_TxCpltCallback
                0x0000000008002f6a        0x2 Drivers/STM32F4xx_HAL_Driver/Src/stm32f4xx_hal_eth.o
                0x0000000008002f6a                HAL_ETH_TxCpltCallback
 .text.HAL_ETH_ErrorCallback
                0x0000000008002f6c        0x2 Drivers/STM32F4xx_HAL_Driver/Src/stm32f4xx_hal_eth.o
                0x0000000008002f6c                HAL_ETH_ErrorCallback
 .text.HAL_ETH_IRQHandler
                0x0000000008002f6e       0x70 Drivers/STM32F4xx_HAL_Driver/Src/stm32f4xx_hal_eth.o
                0x0000000008002f6e                HAL_ETH_IRQHandler
 .text.HAL_ETH_ReadPHYRegister
                0x0000000008002fde       0x76 Drivers/STM32F4xx_HAL_Driver/Src/stm32f4xx_hal_eth.o
                0x0000000008002fde                HAL_ETH_ReadPHYRegister
 .text.HAL_ETH_WritePHYRegister
                0x0000000008003054       0x70 Drivers/STM32F4xx_HAL_Driver/Src/stm32f4xx_hal_eth.o
                0x0000000008003054                HAL_ETH_WritePHYRegister
 .text.HAL_ETH_Init
                0x00000000080030c4      0x1f8 Drivers/STM32F4xx_HAL_Driver/Src/stm32f4xx_hal_eth.o
                0x00000000080030c4                HAL_ETH_Init
 .text.HAL_ETH_Start
                0x00000000080032bc       0x74 Drivers/STM32F4xx_HAL_Driver/Src/stm32f4xx_hal_eth.o
                0x00000000080032bc                HAL_ETH_Start
 .text.FLASH_Program_DoubleWord
                0x0000000008003330       0x2c Drivers/STM32F4xx_HAL_Driver/Src/stm32f4xx_hal_flash.o
 .text.FLASH_Program_Word
                0x000000000800335c       0x24 Drivers/STM32F4xx_HAL_Driver/Src/stm32f4xx_hal_flash.o
 .text.FLASH_Program_HalfWord
                0x0000000008003380       0x24 Drivers/STM32F4xx_HAL_Driver/Src/stm32f4xx_hal_flash.o
 .text.FLASH_SetErrorCode
                0x00000000080033a4       0x74 Drivers/STM32F4xx_HAL_Driver/Src/stm32f4xx_hal_flash.o
 .text.HAL_FLASH_Unlock
                0x0000000008003418       0x24 Drivers/STM32F4xx_HAL_Driver/Src/stm32f4xx_hal_flash.o
                0x0000000008003418                HAL_FLASH_Unlock
 .text.HAL_FLASH_Lock
                0x000000000800343c       0x14 Drivers/STM32F4xx_HAL_Driver/Src/stm32f4xx_hal_flash.o
                0x000000000800343c                HAL_FLASH_Lock
 .text.FLASH_WaitForLastOperation
                0x0000000008003450       0x54 Drivers/STM32F4xx_HAL_Driver/Src/stm32f4xx_hal_flash.o
                0x0000000008003450                FLASH_WaitForLastOperation
 .text.HAL_FLASH_Program
                0x00000000080034a4       0x8c Drivers/STM32F4xx_HAL_Driver/Src/stm32f4xx_hal_flash.o
                0x00000000080034a4                HAL_FLASH_Program
 .text.FLASH_MassErase.isra.0
                0x0000000008003530       0x24 Drivers/STM32F4xx_HAL_Driver/Src/stm32f4xx_hal_flash_ex.o
 .text.FLASH_Erase_Sector
                0x0000000008003554       0x4c Drivers/STM32F4xx_HAL_Driver/Src/stm32f4xx_hal_flash_ex.o
                0x0000000008003554                FLASH_Erase_Sector
 .text.FLASH_FlushCaches
                0x00000000080035a0       0x58 Drivers/STM32F4xx_HAL_Driver/Src/stm32f4xx_hal_flash_ex.o
                0x00000000080035a0                FLASH_FlushCaches
 .text.HAL_FLASHEx_Erase
                0x00000000080035f8       0x9c Drivers/STM32F4xx_HAL_Driver/Src/stm32f4xx_hal_flash_ex.o
                0x00000000080035f8                HAL_FLASHEx_Erase
 .text.HAL_GPIO_Init
                0x0000000008003694      0x1b4 Drivers/STM32F4xx_HAL_Driver/Src/stm32f4xx_hal_gpio.o
                0x0000000008003694                HAL_GPIO_Init
 .text.HAL_GPIO_WritePin
                0x0000000008003848        0xa Drivers/STM32F4xx_HAL_Driver/Src/stm32f4xx_hal_gpio.o
                0x0000000008003848                HAL_GPIO_WritePin
 *fill*         0x0000000008003852        0x2 
 .text.HAL_GPIO_EXTI_IRQHandler
                0x0000000008003854       0x18 Drivers/STM32F4xx_HAL_Driver/Src/stm32f4xx_hal_gpio.o
                0x0000000008003854                HAL_GPIO_EXTI_IRQHandler
 .text.HAL_PCD_Init
                0x000000000800386c      0x10a Drivers/STM32F4xx_HAL_Driver/Src/stm32f4xx_hal_pcd.o
                0x000000000800386c                HAL_PCD_Init
 .text.HAL_PCD_Start
                0x0000000008003976       0x3e Drivers/STM32F4xx_HAL_Driver/Src/stm32f4xx_hal_pcd.o
                0x0000000008003976                HAL_PCD_Start
 .text.HAL_PCD_IRQHandler
                0x00000000080039b4      0x560 Drivers/STM32F4xx_HAL_Driver/Src/stm32f4xx_hal_pcd.o
                0x00000000080039b4                HAL_PCD_IRQHandler
 .text.HAL_PCD_SetAddress
                0x0000000008003f14       0x28 Drivers/STM32F4xx_HAL_Driver/Src/stm32f4xx_hal_pcd.o
                0x0000000008003f14                HAL_PCD_SetAddress
 .text.HAL_PCD_EP_Open
                0x0000000008003f3c       0x70 Drivers/STM32F4xx_HAL_Driver/Src/stm32f4xx_hal_pcd.o
                0x0000000008003f3c                HAL_PCD_EP_Open
 .text.HAL_PCD_EP_Close
                0x0000000008003fac       0x5e Drivers/STM32F4xx_HAL_Driver/Src/stm32f4xx_hal_pcd.o
                0x0000000008003fac                HAL_PCD_EP_Close
 .text.HAL_PCD_EP_Receive
                0x000000000800400a       0x48 Drivers/STM32F4xx_HAL_Driver/Src/stm32f4xx_hal_pcd.o
                0x000000000800400a                HAL_PCD_EP_Receive
 .text.HAL_PCD_EP_GetRxCount
                0x0000000008004052       0x10 Drivers/STM32F4xx_HAL_Driver/Src/stm32f4xx_hal_pcd.o
                0x0000000008004052                HAL_PCD_EP_GetRxCount
 .text.HAL_PCD_EP_Transmit
                0x0000000008004062       0x40 Drivers/STM32F4xx_HAL_Driver/Src/stm32f4xx_hal_pcd.o
                0x0000000008004062                HAL_PCD_EP_Transmit
 .text.HAL_PCD_EP_SetStall
                0x00000000080040a2       0x70 Drivers/STM32F4xx_HAL_Driver/Src/stm32f4xx_hal_pcd.o
                0x00000000080040a2                HAL_PCD_EP_SetStall
 .text.HAL_PCD_EP_ClrStall
                0x0000000008004112       0x6c Drivers/STM32F4xx_HAL_Driver/Src/stm32f4xx_hal_pcd.o
                0x0000000008004112                HAL_PCD_EP_ClrStall
 .text.HAL_PCDEx_SetTxFiFo
                0x000000000800417e       0x40 Drivers/STM32F4xx_HAL_Driver/Src/stm32f4xx_hal_pcd_ex.o
                0x000000000800417e                HAL_PCDEx_SetTxFiFo
 .text.HAL_PCDEx_SetRxFiFo
                0x00000000080041be        0x8 Drivers/STM32F4xx_HAL_Driver/Src/stm32f4xx_hal_pcd_ex.o
                0x00000000080041be                HAL_PCDEx_SetRxFiFo
 .text.HAL_PCDEx_LPM_Callback
                0x00000000080041c6        0x2 Drivers/STM32F4xx_HAL_Driver/Src/stm32f4xx_hal_pcd_ex.o
                0x00000000080041c6                HAL_PCDEx_LPM_Callback
 .text.HAL_RCC_OscConfig
                0x00000000080041c8      0x358 Drivers/STM32F4xx_HAL_Driver/Src/stm32f4xx_hal_rcc.o
                0x00000000080041c8                HAL_RCC_OscConfig
 .text.HAL_RCC_GetSysClockFreq
                0x0000000008004520       0x5c Drivers/STM32F4xx_HAL_Driver/Src/stm32f4xx_hal_rcc.o
                0x0000000008004520                HAL_RCC_GetSysClockFreq
 .text.HAL_RCC_ClockConfig
                0x000000000800457c      0x138 Drivers/STM32F4xx_HAL_Driver/Src/stm32f4xx_hal_rcc.o
                0x000000000800457c                HAL_RCC_ClockConfig
 .text.HAL_RCC_GetHCLKFreq
                0x00000000080046b4        0xc Drivers/STM32F4xx_HAL_Driver/Src/stm32f4xx_hal_rcc.o
                0x00000000080046b4                HAL_RCC_GetHCLKFreq
 .text.HAL_RCC_GetPCLK1Freq
                0x00000000080046c0       0x20 Drivers/STM32F4xx_HAL_Driver/Src/stm32f4xx_hal_rcc.o
                0x00000000080046c0                HAL_RCC_GetPCLK1Freq
 .text.HAL_RCC_GetPCLK2Freq
                0x00000000080046e0       0x20 Drivers/STM32F4xx_HAL_Driver/Src/stm32f4xx_hal_rcc.o
                0x00000000080046e0                HAL_RCC_GetPCLK2Freq
 .text.HAL_RCC_GetClockConfig
                0x0000000008004700       0x3c Drivers/STM32F4xx_HAL_Driver/Src/stm32f4xx_hal_rcc.o
                0x0000000008004700                HAL_RCC_GetClockConfig
 .text.HAL_RCCEx_PeriphCLKConfig
                0x000000000800473c      0x130 Drivers/STM32F4xx_HAL_Driver/Src/stm32f4xx_hal_rcc_ex.o
                0x000000000800473c                HAL_RCCEx_PeriphCLKConfig
 .text.HAL_RTC_WaitForSynchro
                0x000000000800486c       0x30 Drivers/STM32F4xx_HAL_Driver/Src/stm32f4xx_hal_rtc.o
                0x000000000800486c                HAL_RTC_WaitForSynchro
 .text.RTC_EnterInitMode
                0x000000000800489c       0x34 Drivers/STM32F4xx_HAL_Driver/Src/stm32f4xx_hal_rtc.o
                0x000000000800489c                RTC_EnterInitMode
 .text.HAL_RTC_Init
                0x00000000080048d0       0x9c Drivers/STM32F4xx_HAL_Driver/Src/stm32f4xx_hal_rtc.o
                0x00000000080048d0                HAL_RTC_Init
 .text.RTC_ByteToBcd2
                0x000000000800496c       0x16 Drivers/STM32F4xx_HAL_Driver/Src/stm32f4xx_hal_rtc.o
                0x000000000800496c                RTC_ByteToBcd2
 .text.HAL_RTC_SetTime
                0x0000000008004982       0xe2 Drivers/STM32F4xx_HAL_Driver/Src/stm32f4xx_hal_rtc.o
                0x0000000008004982                HAL_RTC_SetTime
 .text.HAL_RTC_SetDate
                0x0000000008004a64       0xc0 Drivers/STM32F4xx_HAL_Driver/Src/stm32f4xx_hal_rtc.o
                0x0000000008004a64                HAL_RTC_SetDate
 .text.RTC_Bcd2ToByte
                0x0000000008004b24       0x12 Drivers/STM32F4xx_HAL_Driver/Src/stm32f4xx_hal_rtc.o
                0x0000000008004b24                RTC_Bcd2ToByte
 .text.HAL_RTC_GetTime
                0x0000000008004b36       0x4a Drivers/STM32F4xx_HAL_Driver/Src/stm32f4xx_hal_rtc.o
                0x0000000008004b36                HAL_RTC_GetTime
 .text.HAL_RTC_GetDate
                0x0000000008004b80       0x3a Drivers/STM32F4xx_HAL_Driver/Src/stm32f4xx_hal_rtc.o
                0x0000000008004b80                HAL_RTC_GetDate
 .text.HAL_SPI_Init
                0x0000000008004bba       0xb8 Drivers/STM32F4xx_HAL_Driver/Src/stm32f4xx_hal_spi.o
                0x0000000008004bba                HAL_SPI_Init
 *fill*         0x0000000008004c72        0x2 
 .text.HAL_TIM_Base_Start_IT
                0x0000000008004c74       0x74 Drivers/STM32F4xx_HAL_Driver/Src/stm32f4xx_hal_tim.o
                0x0000000008004c74                HAL_TIM_Base_Start_IT
 .text.HAL_TIM_OC_DelayElapsedCallback
                0x0000000008004ce8        0x2 Drivers/STM32F4xx_HAL_Driver/Src/stm32f4xx_hal_tim.o
                0x0000000008004ce8                HAL_TIM_OC_DelayElapsedCallback
 .text.HAL_TIM_IC_CaptureCallback
                0x0000000008004cea        0x2 Drivers/STM32F4xx_HAL_Driver/Src/stm32f4xx_hal_tim.o
                0x0000000008004cea                HAL_TIM_IC_CaptureCallback
 .text.HAL_TIM_PWM_PulseFinishedCallback
                0x0000000008004cec        0x2 Drivers/STM32F4xx_HAL_Driver/Src/stm32f4xx_hal_tim.o
                0x0000000008004cec                HAL_TIM_PWM_PulseFinishedCallback
 .text.HAL_TIM_TriggerCallback
                0x0000000008004cee        0x2 Drivers/STM32F4xx_HAL_Driver/Src/stm32f4xx_hal_tim.o
                0x0000000008004cee                HAL_TIM_TriggerCallback
 .text.HAL_TIM_IRQHandler
                0x0000000008004cf0      0x144 Drivers/STM32F4xx_HAL_Driver/Src/stm32f4xx_hal_tim.o
                0x0000000008004cf0                HAL_TIM_IRQHandler
 .text.TIM_Base_SetConfig
                0x0000000008004e34       0xcc Drivers/STM32F4xx_HAL_Driver/Src/stm32f4xx_hal_tim.o
                0x0000000008004e34                TIM_Base_SetConfig
 .text.HAL_TIM_Base_Init
                0x0000000008004f00       0x58 Drivers/STM32F4xx_HAL_Driver/Src/stm32f4xx_hal_tim.o
                0x0000000008004f00                HAL_TIM_Base_Init
 .text.TIM_ETR_SetConfig
                0x0000000008004f58       0x14 Drivers/STM32F4xx_HAL_Driver/Src/stm32f4xx_hal_tim.o
                0x0000000008004f58                TIM_ETR_SetConfig
 .text.HAL_TIM_ConfigClockSource
                0x0000000008004f6c      0x138 Drivers/STM32F4xx_HAL_Driver/Src/stm32f4xx_hal_tim.o
                0x0000000008004f6c                HAL_TIM_ConfigClockSource
 .text.HAL_TIMEx_MasterConfigSynchronization
                0x00000000080050a4       0x7c Drivers/STM32F4xx_HAL_Driver/Src/stm32f4xx_hal_tim_ex.o
                0x00000000080050a4                HAL_TIMEx_MasterConfigSynchronization
 .text.HAL_TIMEx_CommutCallback
                0x0000000008005120        0x2 Drivers/STM32F4xx_HAL_Driver/Src/stm32f4xx_hal_tim_ex.o
                0x0000000008005120                HAL_TIMEx_CommutCallback
 .text.HAL_TIMEx_BreakCallback
                0x0000000008005122        0x2 Drivers/STM32F4xx_HAL_Driver/Src/stm32f4xx_hal_tim_ex.o
                0x0000000008005122                HAL_TIMEx_BreakCallback
 .text.UART_EndRxTransfer
                0x0000000008005124       0x5c Drivers/STM32F4xx_HAL_Driver/Src/stm32f4xx_hal_uart.o
 .text.UART_SetConfig
                0x0000000008005180       0xbc Drivers/STM32F4xx_HAL_Driver/Src/stm32f4xx_hal_uart.o
 .text.UART_WaitOnFlagUntilTimeout.constprop.0
                0x000000000800523c       0x6c Drivers/STM32F4xx_HAL_Driver/Src/stm32f4xx_hal_uart.o
 .text.HAL_UART_Init
                0x00000000080052a8       0x5c Drivers/STM32F4xx_HAL_Driver/Src/stm32f4xx_hal_uart.o
                0x00000000080052a8                HAL_UART_Init
 .text.HAL_UART_Transmit
                0x0000000008005304       0xaa Drivers/STM32F4xx_HAL_Driver/Src/stm32f4xx_hal_uart.o
                0x0000000008005304                HAL_UART_Transmit
 .text.HAL_UART_ErrorCallback
                0x00000000080053ae        0x2 Drivers/STM32F4xx_HAL_Driver/Src/stm32f4xx_hal_uart.o
                0x00000000080053ae                HAL_UART_ErrorCallback
 .text.UART_DMAAbortOnError
                0x00000000080053b0       0x10 Drivers/STM32F4xx_HAL_Driver/Src/stm32f4xx_hal_uart.o
 .text.HAL_UARTEx_RxEventCallback
                0x00000000080053c0        0x2 Drivers/STM32F4xx_HAL_Driver/Src/stm32f4xx_hal_uart.o
                0x00000000080053c0                HAL_UARTEx_RxEventCallback
 .text.UART_Receive_IT
                0x00000000080053c2       0xb8 Drivers/STM32F4xx_HAL_Driver/Src/stm32f4xx_hal_uart.o
 *fill*         0x000000000800547a        0x2 
 .text.HAL_UART_IRQHandler
                0x000000000800547c      0x290 Drivers/STM32F4xx_HAL_Driver/Src/stm32f4xx_hal_uart.o
                0x000000000800547c                HAL_UART_IRQHandler
 .text.UART_Start_Receive_IT
                0x000000000800570c       0x32 Drivers/STM32F4xx_HAL_Driver/Src/stm32f4xx_hal_uart.o
                0x000000000800570c                UART_Start_Receive_IT
 .text.HAL_UART_Receive_IT
                0x000000000800573e       0x30 Drivers/STM32F4xx_HAL_Driver/Src/stm32f4xx_hal_uart.o
                0x000000000800573e                HAL_UART_Receive_IT
 *fill*         0x000000000800576e        0x2 
 .text.USB_CoreReset
                0x0000000008005770       0x48 Drivers/STM32F4xx_HAL_Driver/Src/stm32f4xx_ll_usb.o
 .text.USB_CoreInit
                0x00000000080057b8       0x80 Drivers/STM32F4xx_HAL_Driver/Src/stm32f4xx_ll_usb.o
                0x00000000080057b8                USB_CoreInit
 .text.USB_SetTurnaroundTime
                0x0000000008005838       0xe0 Drivers/STM32F4xx_HAL_Driver/Src/stm32f4xx_ll_usb.o
                0x0000000008005838                USB_SetTurnaroundTime
 .text.USB_EnableGlobalInt
                0x0000000008005918        0xc Drivers/STM32F4xx_HAL_Driver/Src/stm32f4xx_ll_usb.o
                0x0000000008005918                USB_EnableGlobalInt
 .text.USB_DisableGlobalInt
                0x0000000008005924        0xc Drivers/STM32F4xx_HAL_Driver/Src/stm32f4xx_ll_usb.o
                0x0000000008005924                USB_DisableGlobalInt
 .text.USB_SetCurrentMode
                0x0000000008005930       0x60 Drivers/STM32F4xx_HAL_Driver/Src/stm32f4xx_ll_usb.o
                0x0000000008005930                USB_SetCurrentMode
 .text.USB_FlushTxFifo
                0x0000000008005990       0x30 Drivers/STM32F4xx_HAL_Driver/Src/stm32f4xx_ll_usb.o
                0x0000000008005990                USB_FlushTxFifo
 .text.USB_FlushRxFifo
                0x00000000080059c0       0x2c Drivers/STM32F4xx_HAL_Driver/Src/stm32f4xx_ll_usb.o
                0x00000000080059c0                USB_FlushRxFifo
 .text.USB_SetDevSpeed
                0x00000000080059ec        0xe Drivers/STM32F4xx_HAL_Driver/Src/stm32f4xx_ll_usb.o
                0x00000000080059ec                USB_SetDevSpeed
 *fill*         0x00000000080059fa        0x2 
 .text.USB_DevInit
                0x00000000080059fc      0x170 Drivers/STM32F4xx_HAL_Driver/Src/stm32f4xx_ll_usb.o
                0x00000000080059fc                USB_DevInit
 .text.USB_GetDevSpeed
                0x0000000008005b6c       0x16 Drivers/STM32F4xx_HAL_Driver/Src/stm32f4xx_ll_usb.o
                0x0000000008005b6c                USB_GetDevSpeed
 .text.USB_ActivateEndpoint
                0x0000000008005b82       0x7c Drivers/STM32F4xx_HAL_Driver/Src/stm32f4xx_ll_usb.o
                0x0000000008005b82                USB_ActivateEndpoint
 *fill*         0x0000000008005bfe        0x2 
 .text.USB_DeactivateEndpoint
                0x0000000008005c00       0xac Drivers/STM32F4xx_HAL_Driver/Src/stm32f4xx_ll_usb.o
                0x0000000008005c00                USB_DeactivateEndpoint
 .text.USB_EP0StartXfer
                0x0000000008005cac       0xf4 Drivers/STM32F4xx_HAL_Driver/Src/stm32f4xx_ll_usb.o
                0x0000000008005cac                USB_EP0StartXfer
 .text.USB_WritePacket
                0x0000000008005da0       0x26 Drivers/STM32F4xx_HAL_Driver/Src/stm32f4xx_ll_usb.o
                0x0000000008005da0                USB_WritePacket
 *fill*         0x0000000008005dc6        0x2 
 .text.USB_EPStartXfer
                0x0000000008005dc8      0x1dc Drivers/STM32F4xx_HAL_Driver/Src/stm32f4xx_ll_usb.o
                0x0000000008005dc8                USB_EPStartXfer
 .text.USB_ReadPacket
                0x0000000008005fa4       0x46 Drivers/STM32F4xx_HAL_Driver/Src/stm32f4xx_ll_usb.o
                0x0000000008005fa4                USB_ReadPacket
 .text.USB_EPSetStall
                0x0000000008005fea       0x56 Drivers/STM32F4xx_HAL_Driver/Src/stm32f4xx_ll_usb.o
                0x0000000008005fea                USB_EPSetStall
 .text.USB_EPClearStall
                0x0000000008006040       0x52 Drivers/STM32F4xx_HAL_Driver/Src/stm32f4xx_ll_usb.o
                0x0000000008006040                USB_EPClearStall
 .text.USB_SetDevAddress
                0x0000000008006092       0x20 Drivers/STM32F4xx_HAL_Driver/Src/stm32f4xx_ll_usb.o
                0x0000000008006092                USB_SetDevAddress
 .text.USB_DevConnect
                0x00000000080060b2       0x1c Drivers/STM32F4xx_HAL_Driver/Src/stm32f4xx_ll_usb.o
                0x00000000080060b2                USB_DevConnect
 .text.USB_DevDisconnect
                0x00000000080060ce       0x1c Drivers/STM32F4xx_HAL_Driver/Src/stm32f4xx_ll_usb.o
                0x00000000080060ce                USB_DevDisconnect
 .text.USB_ReadInterrupts
                0x00000000080060ea        0x8 Drivers/STM32F4xx_HAL_Driver/Src/stm32f4xx_ll_usb.o
                0x00000000080060ea                USB_ReadInterrupts
 .text.USB_ReadDevAllOutEpInterrupt
                0x00000000080060f2       0x10 Drivers/STM32F4xx_HAL_Driver/Src/stm32f4xx_ll_usb.o
                0x00000000080060f2                USB_ReadDevAllOutEpInterrupt
 .text.USB_ReadDevAllInEpInterrupt
                0x0000000008006102       0x10 Drivers/STM32F4xx_HAL_Driver/Src/stm32f4xx_ll_usb.o
                0x0000000008006102                USB_ReadDevAllInEpInterrupt
 .text.USB_ReadDevOutEPInterrupt
                0x0000000008006112       0x12 Drivers/STM32F4xx_HAL_Driver/Src/stm32f4xx_ll_usb.o
                0x0000000008006112                USB_ReadDevOutEPInterrupt
 .text.USB_ReadDevInEPInterrupt
                0x0000000008006124       0x24 Drivers/STM32F4xx_HAL_Driver/Src/stm32f4xx_ll_usb.o
                0x0000000008006124                USB_ReadDevInEPInterrupt
 .text.USB_GetMode
                0x0000000008006148        0x8 Drivers/STM32F4xx_HAL_Driver/Src/stm32f4xx_ll_usb.o
                0x0000000008006148                USB_GetMode
 .text.USB_ActivateSetup
                0x0000000008006150       0x20 Drivers/STM32F4xx_HAL_Driver/Src/stm32f4xx_ll_usb.o
                0x0000000008006150                USB_ActivateSetup
 .text.USB_EP0_OutStart
                0x0000000008006170       0x4c Drivers/STM32F4xx_HAL_Driver/Src/stm32f4xx_ll_usb.o
                0x0000000008006170                USB_EP0_OutStart
 .text.getMAC   0x00000000080061bc       0x10 LWIP/App/lwip.o
                0x00000000080061bc                getMAC
 .text.setIP    0x00000000080061cc       0x18 LWIP/App/lwip.o
                0x00000000080061cc                setIP
 .text.setNetmask
                0x00000000080061e4       0x18 LWIP/App/lwip.o
                0x00000000080061e4                setNetmask
 .text.MX_LWIP_Init
                0x00000000080061fc       0xa4 LWIP/App/lwip.o
                0x00000000080061fc                MX_LWIP_Init
 .text.low_level_output
                0x00000000080062a0       0xa0 LWIP/Target/ethernetif.o
 .text.ethernetif_input
                0x0000000008006340       0xfc LWIP/Target/ethernetif.o
                0x0000000008006340                ethernetif_input
 .text.HAL_ETH_MspInit
                0x000000000800643c      0x12c LWIP/Target/ethernetif.o
                0x000000000800643c                HAL_ETH_MspInit
 .text.HAL_ETH_RxCpltCallback
                0x0000000008006568        0xc LWIP/Target/ethernetif.o
                0x0000000008006568                HAL_ETH_RxCpltCallback
 .text.crc32b   0x0000000008006574       0x30 LWIP/Target/ethernetif.o
                0x0000000008006574                crc32b
 .text.ethernetif_init
                0x00000000080065a4      0x178 LWIP/Target/ethernetif.o
                0x00000000080065a4                ethernetif_init
 .text.sys_now  0x000000000800671c        0x4 LWIP/Target/ethernetif.o
                0x000000000800671c                sys_now
 .text.USBD_CDC_EP0_RxReady
                0x0000000008006720       0x2e Middlewares/ST/STM32_USB_Device_Library/Class/CDC/Src/usbd_cdc.o
 *fill*         0x000000000800674e        0x2 
 .text.USBD_CDC_GetFSCfgDesc
                0x0000000008006750        0xc Middlewares/ST/STM32_USB_Device_Library/Class/CDC/Src/usbd_cdc.o
 .text.USBD_CDC_GetHSCfgDesc
                0x000000000800675c        0xc Middlewares/ST/STM32_USB_Device_Library/Class/CDC/Src/usbd_cdc.o
 .text.USBD_CDC_GetOtherSpeedCfgDesc
                0x0000000008006768        0xc Middlewares/ST/STM32_USB_Device_Library/Class/CDC/Src/usbd_cdc.o
 .text.USBD_CDC_GetDeviceQualifierDescriptor
                0x0000000008006774        0xc Middlewares/ST/STM32_USB_Device_Library/Class/CDC/Src/usbd_cdc.o
                0x0000000008006774                USBD_CDC_GetDeviceQualifierDescriptor
 .text.USBD_CDC_DataOut
                0x0000000008006780       0x2a Middlewares/ST/STM32_USB_Device_Library/Class/CDC/Src/usbd_cdc.o
 .text.USBD_CDC_DataIn
                0x00000000080067aa       0x60 Middlewares/ST/STM32_USB_Device_Library/Class/CDC/Src/usbd_cdc.o
 *fill*         0x000000000800680a        0x2 
 .text.USBD_CDC_Setup
                0x000000000800680c       0xf8 Middlewares/ST/STM32_USB_Device_Library/Class/CDC/Src/usbd_cdc.o
 .text.USBD_CDC_DeInit
                0x0000000008006904       0x42 Middlewares/ST/STM32_USB_Device_Library/Class/CDC/Src/usbd_cdc.o
 .text.USBD_CDC_Init
                0x0000000008006946       0xa6 Middlewares/ST/STM32_USB_Device_Library/Class/CDC/Src/usbd_cdc.o
 .text.USBD_CDC_RegisterInterface
                0x00000000080069ec        0xe Middlewares/ST/STM32_USB_Device_Library/Class/CDC/Src/usbd_cdc.o
                0x00000000080069ec                USBD_CDC_RegisterInterface
 .text.USBD_CDC_SetTxBuffer
                0x00000000080069fa       0x16 Middlewares/ST/STM32_USB_Device_Library/Class/CDC/Src/usbd_cdc.o
                0x00000000080069fa                USBD_CDC_SetTxBuffer
 .text.USBD_CDC_SetRxBuffer
                0x0000000008006a10       0x12 Middlewares/ST/STM32_USB_Device_Library/Class/CDC/Src/usbd_cdc.o
                0x0000000008006a10                USBD_CDC_SetRxBuffer
 .text.USBD_CDC_ReceivePacket
                0x0000000008006a22       0x2e Middlewares/ST/STM32_USB_Device_Library/Class/CDC/Src/usbd_cdc.o
                0x0000000008006a22                USBD_CDC_ReceivePacket
 .text.USBD_Init
                0x0000000008006a50       0x26 Middlewares/ST/STM32_USB_Device_Library/Core/Src/usbd_core.o
                0x0000000008006a50                USBD_Init
 .text.USBD_RegisterClass
                0x0000000008006a76       0x2c Middlewares/ST/STM32_USB_Device_Library/Core/Src/usbd_core.o
                0x0000000008006a76                USBD_RegisterClass
 .text.USBD_Start
                0x0000000008006aa2        0x4 Middlewares/ST/STM32_USB_Device_Library/Core/Src/usbd_core.o
                0x0000000008006aa2                USBD_Start
 .text.USBD_SetClassConfig
                0x0000000008006aa6        0xe Middlewares/ST/STM32_USB_Device_Library/Core/Src/usbd_core.o
                0x0000000008006aa6                USBD_SetClassConfig
 .text.USBD_ClrClassConfig
                0x0000000008006ab4       0x10 Middlewares/ST/STM32_USB_Device_Library/Core/Src/usbd_core.o
                0x0000000008006ab4                USBD_ClrClassConfig
 .text.USBD_LL_SetupStage
                0x0000000008006ac4       0x60 Middlewares/ST/STM32_USB_Device_Library/Core/Src/usbd_core.o
                0x0000000008006ac4                USBD_LL_SetupStage
 .text.USBD_LL_DataOutStage
                0x0000000008006b24       0x60 Middlewares/ST/STM32_USB_Device_Library/Core/Src/usbd_core.o
                0x0000000008006b24                USBD_LL_DataOutStage
 .text.USBD_LL_DataInStage
                0x0000000008006b84       0xa4 Middlewares/ST/STM32_USB_Device_Library/Core/Src/usbd_core.o
                0x0000000008006b84                USBD_LL_DataInStage
 .text.USBD_LL_Reset
                0x0000000008006c28       0x58 Middlewares/ST/STM32_USB_Device_Library/Core/Src/usbd_core.o
                0x0000000008006c28                USBD_LL_Reset
 .text.USBD_LL_SetSpeed
                0x0000000008006c80        0x6 Middlewares/ST/STM32_USB_Device_Library/Core/Src/usbd_core.o
                0x0000000008006c80                USBD_LL_SetSpeed
 .text.USBD_LL_Suspend
                0x0000000008006c86       0x14 Middlewares/ST/STM32_USB_Device_Library/Core/Src/usbd_core.o
                0x0000000008006c86                USBD_LL_Suspend
 .text.USBD_LL_Resume
                0x0000000008006c9a       0x16 Middlewares/ST/STM32_USB_Device_Library/Core/Src/usbd_core.o
                0x0000000008006c9a                USBD_LL_Resume
 .text.USBD_LL_SOF
                0x0000000008006cb0       0x22 Middlewares/ST/STM32_USB_Device_Library/Core/Src/usbd_core.o
                0x0000000008006cb0                USBD_LL_SOF
 .text.USBD_LL_IsoINIncomplete
                0x0000000008006cd2       0x22 Middlewares/ST/STM32_USB_Device_Library/Core/Src/usbd_core.o
                0x0000000008006cd2                USBD_LL_IsoINIncomplete
 .text.USBD_LL_IsoOUTIncomplete
                0x0000000008006cf4       0x22 Middlewares/ST/STM32_USB_Device_Library/Core/Src/usbd_core.o
                0x0000000008006cf4                USBD_LL_IsoOUTIncomplete
 .text.USBD_LL_DevConnected
                0x0000000008006d16        0x4 Middlewares/ST/STM32_USB_Device_Library/Core/Src/usbd_core.o
                0x0000000008006d16                USBD_LL_DevConnected
 .text.USBD_LL_DevDisconnected
                0x0000000008006d1a       0x18 Middlewares/ST/STM32_USB_Device_Library/Core/Src/usbd_core.o
                0x0000000008006d1a                USBD_LL_DevDisconnected
 .text.USBD_CtlError.constprop.0
                0x0000000008006d32       0x16 Middlewares/ST/STM32_USB_Device_Library/Core/Src/usbd_ctlreq.o
 .text.USBD_StdDevReq
                0x0000000008006d48      0x284 Middlewares/ST/STM32_USB_Device_Library/Core/Src/usbd_ctlreq.o
                0x0000000008006d48                USBD_StdDevReq
 .text.USBD_StdItfReq
                0x0000000008006fcc       0x4c Middlewares/ST/STM32_USB_Device_Library/Core/Src/usbd_ctlreq.o
                0x0000000008006fcc                USBD_StdItfReq
 .text.USBD_StdEPReq
                0x0000000008007018      0x11e Middlewares/ST/STM32_USB_Device_Library/Core/Src/usbd_ctlreq.o
                0x0000000008007018                USBD_StdEPReq
 .text.USBD_ParseSetupRequest
                0x0000000008007136       0x28 Middlewares/ST/STM32_USB_Device_Library/Core/Src/usbd_ctlreq.o
                0x0000000008007136                USBD_ParseSetupRequest
 .text.USBD_CtlError
                0x000000000800715e       0x16 Middlewares/ST/STM32_USB_Device_Library/Core/Src/usbd_ctlreq.o
                0x000000000800715e                USBD_CtlError
 .text.USBD_GetString
                0x0000000008007174       0x38 Middlewares/ST/STM32_USB_Device_Library/Core/Src/usbd_ctlreq.o
                0x0000000008007174                USBD_GetString
 .text.USBD_CtlSendData
                0x00000000080071ac       0x1a Middlewares/ST/STM32_USB_Device_Library/Core/Src/usbd_ioreq.o
                0x00000000080071ac                USBD_CtlSendData
 .text.USBD_CtlContinueSendData
                0x00000000080071c6       0x10 Middlewares/ST/STM32_USB_Device_Library/Core/Src/usbd_ioreq.o
                0x00000000080071c6                USBD_CtlContinueSendData
 .text.USBD_CtlPrepareRx
                0x00000000080071d6       0x1a Middlewares/ST/STM32_USB_Device_Library/Core/Src/usbd_ioreq.o
                0x00000000080071d6                USBD_CtlPrepareRx
 .text.USBD_CtlContinueRx
                0x00000000080071f0       0x10 Middlewares/ST/STM32_USB_Device_Library/Core/Src/usbd_ioreq.o
                0x00000000080071f0                USBD_CtlContinueRx
 .text.USBD_CtlSendStatus
                0x0000000008007200       0x16 Middlewares/ST/STM32_USB_Device_Library/Core/Src/usbd_ioreq.o
                0x0000000008007200                USBD_CtlSendStatus
 .text.USBD_CtlReceiveStatus
                0x0000000008007216       0x16 Middlewares/ST/STM32_USB_Device_Library/Core/Src/usbd_ioreq.o
                0x0000000008007216                USBD_CtlReceiveStatus
 .text.osKernelStart
                0x000000000800722c        0xa Middlewares/Third_Party/FreeRTOS/Source/CMSIS_RTOS/cmsis_os.o
                0x000000000800722c                osKernelStart
 .text.osKernelSysTick
                0x0000000008007236        0xe Middlewares/Third_Party/FreeRTOS/Source/CMSIS_RTOS/cmsis_os.o
                0x0000000008007236                osKernelSysTick
 .text.osThreadCreate
                0x0000000008007244       0x50 Middlewares/Third_Party/FreeRTOS/Source/CMSIS_RTOS/cmsis_os.o
                0x0000000008007244                osThreadCreate
 .text.osMutexCreate
                0x0000000008007294        0xe Middlewares/Third_Party/FreeRTOS/Source/CMSIS_RTOS/cmsis_os.o
                0x0000000008007294                osMutexCreate
 *fill*         0x00000000080072a2        0x2 
 .text.osMutexWait
                0x00000000080072a4       0x4c Middlewares/Third_Party/FreeRTOS/Source/CMSIS_RTOS/cmsis_os.o
                0x00000000080072a4                osMutexWait
 .text.osMutexRelease
                0x00000000080072f0       0x48 Middlewares/Third_Party/FreeRTOS/Source/CMSIS_RTOS/cmsis_os.o
                0x00000000080072f0                osMutexRelease
 .text.osMutexDelete
                0x0000000008007338       0x14 Middlewares/Third_Party/FreeRTOS/Source/CMSIS_RTOS/cmsis_os.o
                0x0000000008007338                osMutexDelete
 .text.osSemaphoreCreate
                0x000000000800734c       0x48 Middlewares/Third_Party/FreeRTOS/Source/CMSIS_RTOS/cmsis_os.o
                0x000000000800734c                osSemaphoreCreate
 .text.osSemaphoreWait
                0x0000000008007394       0x4c Middlewares/Third_Party/FreeRTOS/Source/CMSIS_RTOS/cmsis_os.o
                0x0000000008007394                osSemaphoreWait
 .text.osSemaphoreRelease
                0x00000000080073e0        0x4 Middlewares/Third_Party/FreeRTOS/Source/CMSIS_RTOS/cmsis_os.o
                0x00000000080073e0                osSemaphoreRelease
 .text.osSemaphoreDelete
                0x00000000080073e4        0x4 Middlewares/Third_Party/FreeRTOS/Source/CMSIS_RTOS/cmsis_os.o
                0x00000000080073e4                osSemaphoreDelete
 .text.osMessageCreate
                0x00000000080073e8       0x24 Middlewares/Third_Party/FreeRTOS/Source/CMSIS_RTOS/cmsis_os.o
                0x00000000080073e8                osMessageCreate
 .text.osMessagePut
                0x000000000800740c       0x50 Middlewares/Third_Party/FreeRTOS/Source/CMSIS_RTOS/cmsis_os.o
                0x000000000800740c                osMessagePut
 .text.osMessageGet
                0x000000000800745c       0x70 Middlewares/Third_Party/FreeRTOS/Source/CMSIS_RTOS/cmsis_os.o
                0x000000000800745c                osMessageGet
 .text.osMessageWaiting
                0x00000000080074cc        0xe Middlewares/Third_Party/FreeRTOS/Source/CMSIS_RTOS/cmsis_os.o
                0x00000000080074cc                osMessageWaiting
 .text.osMessageDelete
                0x00000000080074da        0x4 Middlewares/Third_Party/FreeRTOS/Source/CMSIS_RTOS/cmsis_os.o
                0x00000000080074da                osMessageDelete
 .text.vListInitialise
                0x00000000080074de       0x16 Middlewares/Third_Party/FreeRTOS/Source/list.o
                0x00000000080074de                vListInitialise
 .text.vListInitialiseItem
                0x00000000080074f4        0x6 Middlewares/Third_Party/FreeRTOS/Source/list.o
                0x00000000080074f4                vListInitialiseItem
 .text.vListInsertEnd
                0x00000000080074fa       0x18 Middlewares/Third_Party/FreeRTOS/Source/list.o
                0x00000000080074fa                vListInsertEnd
 .text.vListInsert
                0x0000000008007512       0x2e Middlewares/Third_Party/FreeRTOS/Source/list.o
                0x0000000008007512                vListInsert
 .text.uxListRemove
                0x0000000008007540       0x20 Middlewares/Third_Party/FreeRTOS/Source/list.o
                0x0000000008007540                uxListRemove
 .text.prvIsQueueEmpty
                0x0000000008007560       0x16 Middlewares/Third_Party/FreeRTOS/Source/queue.o
 .text.prvCopyDataToQueue
                0x0000000008007576       0x6a Middlewares/Third_Party/FreeRTOS/Source/queue.o
 .text.prvCopyDataFromQueue
                0x00000000080075e0       0x2c Middlewares/Third_Party/FreeRTOS/Source/queue.o
 .text.prvUnlockQueue
                0x000000000800760c       0x70 Middlewares/Third_Party/FreeRTOS/Source/queue.o
 .text.xQueueGenericReset
                0x000000000800767c       0x80 Middlewares/Third_Party/FreeRTOS/Source/queue.o
                0x000000000800767c                xQueueGenericReset
 .text.xQueueGenericCreate.part.0
                0x00000000080076fc       0x34 Middlewares/Third_Party/FreeRTOS/Source/queue.o
 .text.xQueueGenericCreateStatic
                0x0000000008007730       0x94 Middlewares/Third_Party/FreeRTOS/Source/queue.o
                0x0000000008007730                xQueueGenericCreateStatic
 .text.xQueueGenericCreate
                0x00000000080077c4       0x18 Middlewares/Third_Party/FreeRTOS/Source/queue.o
                0x00000000080077c4                xQueueGenericCreate
 .text.xQueueGenericSend
                0x00000000080077dc      0x164 Middlewares/Third_Party/FreeRTOS/Source/queue.o
                0x00000000080077dc                xQueueGenericSend
 .text.xQueueCreateMutexStatic
                0x0000000008007940       0x2a Middlewares/Third_Party/FreeRTOS/Source/queue.o
                0x0000000008007940                xQueueCreateMutexStatic
 .text.xQueueCreateMutex
                0x000000000800796a       0x22 Middlewares/Third_Party/FreeRTOS/Source/queue.o
                0x000000000800796a                xQueueCreateMutex
 .text.xQueueGenericSendFromISR
                0x000000000800798c       0xc4 Middlewares/Third_Party/FreeRTOS/Source/queue.o
                0x000000000800798c                xQueueGenericSendFromISR
 .text.xQueueGiveFromISR
                0x0000000008007a50       0xa8 Middlewares/Third_Party/FreeRTOS/Source/queue.o
                0x0000000008007a50                xQueueGiveFromISR
 .text.xQueueReceive
                0x0000000008007af8      0x140 Middlewares/Third_Party/FreeRTOS/Source/queue.o
                0x0000000008007af8                xQueueReceive
 .text.xQueueSemaphoreTake
                0x0000000008007c38      0x188 Middlewares/Third_Party/FreeRTOS/Source/queue.o
                0x0000000008007c38                xQueueSemaphoreTake
 .text.xQueueReceiveFromISR
                0x0000000008007dc0       0x9e Middlewares/Third_Party/FreeRTOS/Source/queue.o
                0x0000000008007dc0                xQueueReceiveFromISR
 .text.uxQueueMessagesWaiting
                0x0000000008007e5e       0x2a Middlewares/Third_Party/FreeRTOS/Source/queue.o
                0x0000000008007e5e                uxQueueMessagesWaiting
 .text.uxQueueMessagesWaitingFromISR
                0x0000000008007e88       0x18 Middlewares/Third_Party/FreeRTOS/Source/queue.o
                0x0000000008007e88                uxQueueMessagesWaitingFromISR
 .text.vQueueUnregisterQueue
                0x0000000008007ea0       0x30 Middlewares/Third_Party/FreeRTOS/Source/queue.o
                0x0000000008007ea0                vQueueUnregisterQueue
 .text.vQueueDelete
                0x0000000008007ed0       0x2a Middlewares/Third_Party/FreeRTOS/Source/queue.o
                0x0000000008007ed0                vQueueDelete
 *fill*         0x0000000008007efa        0x2 
 .text.prvAddNewTaskToReadyList
                0x0000000008007efc      0x12c Middlewares/Third_Party/FreeRTOS/Source/tasks.o
 .text.prvResetNextTaskUnblockTime
                0x0000000008008028       0x24 Middlewares/Third_Party/FreeRTOS/Source/tasks.o
 .text.prvInitialiseNewTask.isra.0
                0x000000000800804c       0x8a Middlewares/Third_Party/FreeRTOS/Source/tasks.o
 .text.prvDeleteTCB
                0x00000000080080d6       0x36 Middlewares/Third_Party/FreeRTOS/Source/tasks.o
 .text.prvIdleTask
                0x000000000800810c       0x64 Middlewares/Third_Party/FreeRTOS/Source/tasks.o
 .text.prvAddCurrentTaskToDelayedList
                0x0000000008008170       0x8c Middlewares/Third_Party/FreeRTOS/Source/tasks.o
 .text.xTaskCreateStatic
                0x00000000080081fc       0x70 Middlewares/Third_Party/FreeRTOS/Source/tasks.o
                0x00000000080081fc                xTaskCreateStatic
 .text.xTaskCreate
                0x000000000800826c       0x5a Middlewares/Third_Party/FreeRTOS/Source/tasks.o
                0x000000000800826c                xTaskCreate
 *fill*         0x00000000080082c6        0x2 
 .text.vTaskStartScheduler
                0x00000000080082c8       0x6c Middlewares/Third_Party/FreeRTOS/Source/tasks.o
                0x00000000080082c8                vTaskStartScheduler
 .text.vTaskSuspendAll
                0x0000000008008334       0x10 Middlewares/Third_Party/FreeRTOS/Source/tasks.o
                0x0000000008008334                vTaskSuspendAll
 .text.xTaskGetTickCount
                0x0000000008008344        0xc Middlewares/Third_Party/FreeRTOS/Source/tasks.o
                0x0000000008008344                xTaskGetTickCount
 .text.xTaskGetTickCountFromISR
                0x0000000008008350       0x10 Middlewares/Third_Party/FreeRTOS/Source/tasks.o
                0x0000000008008350                xTaskGetTickCountFromISR
 .text.xTaskIncrementTick
                0x0000000008008360      0x130 Middlewares/Third_Party/FreeRTOS/Source/tasks.o
                0x0000000008008360                xTaskIncrementTick
 .text.xTaskResumeAll
                0x0000000008008490       0xf0 Middlewares/Third_Party/FreeRTOS/Source/tasks.o
                0x0000000008008490                xTaskResumeAll
 .text.vTaskSwitchContext
                0x0000000008008580       0x74 Middlewares/Third_Party/FreeRTOS/Source/tasks.o
                0x0000000008008580                vTaskSwitchContext
 .text.vTaskPlaceOnEventList
                0x00000000080085f4       0x34 Middlewares/Third_Party/FreeRTOS/Source/tasks.o
                0x00000000080085f4                vTaskPlaceOnEventList
 .text.xTaskRemoveFromEventList
                0x0000000008008628       0x88 Middlewares/Third_Party/FreeRTOS/Source/tasks.o
                0x0000000008008628                xTaskRemoveFromEventList
 .text.vTaskInternalSetTimeOutState
                0x00000000080086b0       0x18 Middlewares/Third_Party/FreeRTOS/Source/tasks.o
                0x00000000080086b0                vTaskInternalSetTimeOutState
 .text.xTaskCheckForTimeOut
                0x00000000080086c8       0x78 Middlewares/Third_Party/FreeRTOS/Source/tasks.o
                0x00000000080086c8                xTaskCheckForTimeOut
 .text.vTaskMissedYield
                0x0000000008008740        0xc Middlewares/Third_Party/FreeRTOS/Source/tasks.o
                0x0000000008008740                vTaskMissedYield
 .text.xTaskGetSchedulerState
                0x000000000800874c       0x20 Middlewares/Third_Party/FreeRTOS/Source/tasks.o
                0x000000000800874c                xTaskGetSchedulerState
 .text.xTaskPriorityInherit
                0x000000000800876c       0x9c Middlewares/Third_Party/FreeRTOS/Source/tasks.o
                0x000000000800876c                xTaskPriorityInherit
 .text.xTaskPriorityDisinherit
                0x0000000008008808       0xa4 Middlewares/Third_Party/FreeRTOS/Source/tasks.o
                0x0000000008008808                xTaskPriorityDisinherit
 .text.vTaskPriorityDisinheritAfterTimeout
                0x00000000080088ac       0xb0 Middlewares/Third_Party/FreeRTOS/Source/tasks.o
                0x00000000080088ac                vTaskPriorityDisinheritAfterTimeout
 .text.pvTaskIncrementMutexHeldCount
                0x000000000800895c       0x18 Middlewares/Third_Party/FreeRTOS/Source/tasks.o
                0x000000000800895c                pvTaskIncrementMutexHeldCount
 .text.prvPortStartFirstTask
                0x0000000008008974       0x28 Middlewares/Third_Party/FreeRTOS/Source/portable/GCC/ARM_CM4F/port.o
 .text.vPortEnableVFP
                0x000000000800899c       0x14 Middlewares/Third_Party/FreeRTOS/Source/portable/GCC/ARM_CM4F/port.o
 .text.prvTaskExitError
                0x00000000080089b0       0x40 Middlewares/Third_Party/FreeRTOS/Source/portable/GCC/ARM_CM4F/port.o
 .text.pxPortInitialiseStack
                0x00000000080089f0       0x2c Middlewares/Third_Party/FreeRTOS/Source/portable/GCC/ARM_CM4F/port.o
                0x00000000080089f0                pxPortInitialiseStack
 *fill*         0x0000000008008a1c        0x4 
 .text.SVC_Handler
                0x0000000008008a20       0x24 Middlewares/Third_Party/FreeRTOS/Source/portable/GCC/ARM_CM4F/port.o
                0x0000000008008a20                SVC_Handler
 .text.vPortEnterCritical
                0x0000000008008a44       0x44 Middlewares/Third_Party/FreeRTOS/Source/portable/GCC/ARM_CM4F/port.o
                0x0000000008008a44                vPortEnterCritical
 .text.vPortExitCritical
                0x0000000008008a88       0x28 Middlewares/Third_Party/FreeRTOS/Source/portable/GCC/ARM_CM4F/port.o
                0x0000000008008a88                vPortExitCritical
 .text.PendSV_Handler
                0x0000000008008ab0       0x64 Middlewares/Third_Party/FreeRTOS/Source/portable/GCC/ARM_CM4F/port.o
                0x0000000008008ab0                PendSV_Handler
 .text.SysTick_Handler
                0x0000000008008b14       0x2c Middlewares/Third_Party/FreeRTOS/Source/portable/GCC/ARM_CM4F/port.o
                0x0000000008008b14                SysTick_Handler
 .text.vPortSetupTimerInterrupt
                0x0000000008008b40       0x34 Middlewares/Third_Party/FreeRTOS/Source/portable/GCC/ARM_CM4F/port.o
                0x0000000008008b40                vPortSetupTimerInterrupt
 .text.xPortStartScheduler
                0x0000000008008b74      0x108 Middlewares/Third_Party/FreeRTOS/Source/portable/GCC/ARM_CM4F/port.o
                0x0000000008008b74                xPortStartScheduler
 .text.vPortValidateInterruptPriority
                0x0000000008008c7c       0x5c Middlewares/Third_Party/FreeRTOS/Source/portable/GCC/ARM_CM4F/port.o
                0x0000000008008c7c                vPortValidateInterruptPriority
 .text.prvInsertBlockIntoFreeList
                0x0000000008008cd8       0x48 Middlewares/Third_Party/FreeRTOS/Source/portable/MemMang/heap_4.o
 .text.pvPortMalloc
                0x0000000008008d20      0x124 Middlewares/Third_Party/FreeRTOS/Source/portable/MemMang/heap_4.o
                0x0000000008008d20                pvPortMalloc
 .text.vPortFree
                0x0000000008008e44       0x7c Middlewares/Third_Party/FreeRTOS/Source/portable/MemMang/heap_4.o
                0x0000000008008e44                vPortFree
 .text.netconn_apimsg
                0x0000000008008ec0       0x14 Middlewares/Third_Party/LwIP/src/api/api_lib.o
 .text.netconn_close_shutdown
                0x0000000008008ed4       0x44 Middlewares/Third_Party/LwIP/src/api/api_lib.o
 .text.netconn_new_with_proto_and_callback
                0x0000000008008f18       0xb4 Middlewares/Third_Party/LwIP/src/api/api_lib.o
                0x0000000008008f18                netconn_new_with_proto_and_callback
 .text.netconn_prepare_delete
                0x0000000008008fcc       0x20 Middlewares/Third_Party/LwIP/src/api/api_lib.o
                0x0000000008008fcc                netconn_prepare_delete
 .text.netconn_delete
                0x0000000008008fec       0x1c Middlewares/Third_Party/LwIP/src/api/api_lib.o
                0x0000000008008fec                netconn_delete
 .text.netconn_bind
                0x0000000008009008       0x4c Middlewares/Third_Party/LwIP/src/api/api_lib.o
                0x0000000008009008                netconn_bind
 .text.netconn_send
                0x0000000008009054       0x3c Middlewares/Third_Party/LwIP/src/api/api_lib.o
                0x0000000008009054                netconn_send
 .text.netconn_err
                0x0000000008009090       0x1e Middlewares/Third_Party/LwIP/src/api/api_lib.o
                0x0000000008009090                netconn_err
 *fill*         0x00000000080090ae        0x2 
 .text.netconn_recv_data
                0x00000000080090b0       0xec Middlewares/Third_Party/LwIP/src/api/api_lib.o
 .text.netconn_recv_data_tcp
                0x000000000800919c       0xc4 Middlewares/Third_Party/LwIP/src/api/api_lib.o
 .text.netconn_recv
                0x0000000008009260       0xa4 Middlewares/Third_Party/LwIP/src/api/api_lib.o
                0x0000000008009260                netconn_recv
 .text.recv_udp
                0x0000000008009304       0xbc Middlewares/Third_Party/LwIP/src/api/api_msg.o
 .text.setup_tcp
                0x00000000080093c0       0x44 Middlewares/Third_Party/LwIP/src/api/api_msg.o
 .text.lwip_netconn_do_writemore
                0x0000000008009404      0x250 Middlewares/Third_Party/LwIP/src/api/api_msg.o
 .text.lwip_netconn_do_close_internal
                0x0000000008009654      0x1e8 Middlewares/Third_Party/LwIP/src/api/api_msg.o
 .text.poll_tcp
                0x000000000800983c       0x78 Middlewares/Third_Party/LwIP/src/api/api_msg.o
 .text.recv_tcp
                0x00000000080098b4       0xd0 Middlewares/Third_Party/LwIP/src/api/api_msg.o
 .text.err_tcp  0x0000000008009984      0x140 Middlewares/Third_Party/LwIP/src/api/api_msg.o
 .text.sent_tcp
                0x0000000008009ac4       0x6c Middlewares/Third_Party/LwIP/src/api/api_msg.o
 .text.lwip_netconn_is_err_msg
                0x0000000008009b30       0x54 Middlewares/Third_Party/LwIP/src/api/api_msg.o
                0x0000000008009b30                lwip_netconn_is_err_msg
 .text.lwip_netconn_do_newconn
                0x0000000008009b84       0x60 Middlewares/Third_Party/LwIP/src/api/api_msg.o
                0x0000000008009b84                lwip_netconn_do_newconn
 .text.netconn_alloc
                0x0000000008009be4       0x8c Middlewares/Third_Party/LwIP/src/api/api_msg.o
                0x0000000008009be4                netconn_alloc
 .text.netconn_free
                0x0000000008009c70       0x78 Middlewares/Third_Party/LwIP/src/api/api_msg.o
                0x0000000008009c70                netconn_free
 .text.netconn_drain
                0x0000000008009ce8       0x9e Middlewares/Third_Party/LwIP/src/api/api_msg.o
 *fill*         0x0000000008009d86        0x2 
 .text.lwip_netconn_do_delconn
                0x0000000008009d88      0x10c Middlewares/Third_Party/LwIP/src/api/api_msg.o
                0x0000000008009d88                lwip_netconn_do_delconn
 .text.lwip_netconn_do_bind
                0x0000000008009e94       0x34 Middlewares/Third_Party/LwIP/src/api/api_msg.o
                0x0000000008009e94                lwip_netconn_do_bind
 .text.lwip_netconn_do_send
                0x0000000008009ec8       0x3c Middlewares/Third_Party/LwIP/src/api/api_msg.o
                0x0000000008009ec8                lwip_netconn_do_send
 .text.lwip_netconn_do_recv
                0x0000000008009f04       0x36 Middlewares/Third_Party/LwIP/src/api/api_msg.o
                0x0000000008009f04                lwip_netconn_do_recv
 *fill*         0x0000000008009f3a        0x2 
 .text.lwip_netconn_do_close
                0x0000000008009f3c       0xbc Middlewares/Third_Party/LwIP/src/api/api_msg.o
                0x0000000008009f3c                lwip_netconn_do_close
 .text.netbuf_delete
                0x0000000008009ff8       0x22 Middlewares/Third_Party/LwIP/src/api/netbuf.o
                0x0000000008009ff8                netbuf_delete
 *fill*         0x000000000800a01a        0x2 
 .text.netbuf_data
                0x000000000800a01c       0x58 Middlewares/Third_Party/LwIP/src/api/netbuf.o
                0x000000000800a01c                netbuf_data
 .text.netbuf_next
                0x000000000800a074       0x38 Middlewares/Third_Party/LwIP/src/api/netbuf.o
                0x000000000800a074                netbuf_next
 .text.tcpip_thread
                0x000000000800a0ac       0xd0 Middlewares/Third_Party/LwIP/src/api/tcpip.o
 .text.tcpip_inpkt
                0x000000000800a17c       0x58 Middlewares/Third_Party/LwIP/src/api/tcpip.o
                0x000000000800a17c                tcpip_inpkt
 .text.tcpip_input
                0x000000000800a1d4       0x1c Middlewares/Third_Party/LwIP/src/api/tcpip.o
                0x000000000800a1d4                tcpip_input
 .text.tcpip_try_callback
                0x000000000800a1f0       0x58 Middlewares/Third_Party/LwIP/src/api/tcpip.o
                0x000000000800a1f0                tcpip_try_callback
 .text.tcpip_send_msg_wait_sem
                0x000000000800a248       0x20 Middlewares/Third_Party/LwIP/src/api/tcpip.o
                0x000000000800a248                tcpip_send_msg_wait_sem
 .text.tcpip_init
                0x000000000800a268       0x7c Middlewares/Third_Party/LwIP/src/api/tcpip.o
                0x000000000800a268                tcpip_init
 .text.fs_open  0x000000000800a2e4       0x50 Middlewares/Third_Party/LwIP/src/apps/http/fs.o
                0x000000000800a2e4                fs_open
 .text.fs_close
                0x000000000800a334        0xa Middlewares/Third_Party/LwIP/src/apps/http/fs.o
                0x000000000800a334                fs_close
 .text.fs_bytes_left
                0x000000000800a33e        0x8 Middlewares/Third_Party/LwIP/src/apps/http/fs.o
                0x000000000800a33e                fs_bytes_left
 .text.http_state_eof
                0x000000000800a346       0x1e Middlewares/Third_Party/LwIP/src/apps/http/httpd.o
 .text.http_get_404_file
                0x000000000800a364       0x3c Middlewares/Third_Party/LwIP/src/apps/http/httpd.o
 .text.http_accept
                0x000000000800a3a0       0x70 Middlewares/Third_Party/LwIP/src/apps/http/httpd.o
 .text.http_find_file
                0x000000000800a410      0x1a0 Middlewares/Third_Party/LwIP/src/apps/http/httpd.o
 .text.http_post_rxpbuf
                0x000000000800a5b0       0x4c Middlewares/Third_Party/LwIP/src/apps/http/httpd.o
 .text.http_err
                0x000000000800a5fc       0x16 Middlewares/Third_Party/LwIP/src/apps/http/httpd.o
 *fill*         0x000000000800a612        0x2 
 .text.http_close_conn
                0x000000000800a614       0x74 Middlewares/Third_Party/LwIP/src/apps/http/httpd.o
 .text.http_send
                0x000000000800a688       0xb8 Middlewares/Third_Party/LwIP/src/apps/http/httpd.o
 .text.http_sent
                0x000000000800a740       0x18 Middlewares/Third_Party/LwIP/src/apps/http/httpd.o
 .text.http_poll
                0x000000000800a758       0x3a Middlewares/Third_Party/LwIP/src/apps/http/httpd.o
 *fill*         0x000000000800a792        0x2 
 .text.http_recv
                0x000000000800a794      0x36c Middlewares/Third_Party/LwIP/src/apps/http/httpd.o
 .text.httpd_init
                0x000000000800ab00       0x80 Middlewares/Third_Party/LwIP/src/apps/http/httpd.o
                0x000000000800ab00                httpd_init
 .text.lwip_htons
                0x000000000800ab80        0x6 Middlewares/Third_Party/LwIP/src/core/def.o
                0x000000000800ab80                lwip_htons
 .text.lwip_htonl
                0x000000000800ab86        0x4 Middlewares/Third_Party/LwIP/src/core/def.o
                0x000000000800ab86                lwip_htonl
 .text.lwip_strnstr
                0x000000000800ab8a       0x40 Middlewares/Third_Party/LwIP/src/core/def.o
                0x000000000800ab8a                lwip_strnstr
 .text.lwip_init
                0x000000000800abca       0x22 Middlewares/Third_Party/LwIP/src/core/init.o
                0x000000000800abca                lwip_init
 .text.mem_init
                0x000000000800abec       0x70 Middlewares/Third_Party/LwIP/src/core/mem.o
                0x000000000800abec                mem_init
 .text.mem_free
                0x000000000800ac5c      0x1b4 Middlewares/Third_Party/LwIP/src/core/mem.o
                0x000000000800ac5c                mem_free
 .text.mem_trim
                0x000000000800ae10      0x168 Middlewares/Third_Party/LwIP/src/core/mem.o
                0x000000000800ae10                mem_trim
 .text.mem_malloc
                0x000000000800af78      0x15c Middlewares/Third_Party/LwIP/src/core/mem.o
                0x000000000800af78                mem_malloc
 .text.do_memp_malloc_pool.isra.0
                0x000000000800b0d4       0x3c Middlewares/Third_Party/LwIP/src/core/memp.o
 .text.do_memp_free_pool.isra.0
                0x000000000800b110       0x38 Middlewares/Third_Party/LwIP/src/core/memp.o
 .text.memp_init_pool
                0x000000000800b148       0x26 Middlewares/Third_Party/LwIP/src/core/memp.o
                0x000000000800b148                memp_init_pool
 *fill*         0x000000000800b16e        0x2 
 .text.memp_init
                0x000000000800b170       0x1c Middlewares/Third_Party/LwIP/src/core/memp.o
                0x000000000800b170                memp_init
 .text.memp_malloc
                0x000000000800b18c       0x38 Middlewares/Third_Party/LwIP/src/core/memp.o
                0x000000000800b18c                memp_malloc
 .text.memp_free
                0x000000000800b1c4       0x34 Middlewares/Third_Party/LwIP/src/core/memp.o
                0x000000000800b1c4                memp_free
 .text.netif_null_output_ip4
                0x000000000800b1f8        0x6 Middlewares/Third_Party/LwIP/src/core/netif.o
 *fill*         0x000000000800b1fe        0x2 
 .text.netif_issue_reports
                0x000000000800b200       0x48 Middlewares/Third_Party/LwIP/src/core/netif.o
 .text.netif_do_set_ipaddr
                0x000000000800b248       0x58 Middlewares/Third_Party/LwIP/src/core/netif.o
 .text.netif_init
                0x000000000800b2a0        0x2 Middlewares/Third_Party/LwIP/src/core/netif.o
                0x000000000800b2a0                netif_init
 *fill*         0x000000000800b2a2        0x2 
 .text.netif_set_ipaddr
                0x000000000800b2a4       0x38 Middlewares/Third_Party/LwIP/src/core/netif.o
                0x000000000800b2a4                netif_set_ipaddr
 .text.netif_set_netmask
                0x000000000800b2dc       0x34 Middlewares/Third_Party/LwIP/src/core/netif.o
                0x000000000800b2dc                netif_set_netmask
 .text.netif_set_addr
                0x000000000800b310       0x58 Middlewares/Third_Party/LwIP/src/core/netif.o
                0x000000000800b310                netif_set_addr
 .text.netif_add
                0x000000000800b368      0x12c Middlewares/Third_Party/LwIP/src/core/netif.o
                0x000000000800b368                netif_add
 .text.netif_set_default
                0x000000000800b494        0xc Middlewares/Third_Party/LwIP/src/core/netif.o
                0x000000000800b494                netif_set_default
 .text.netif_set_up
                0x000000000800b4a0       0x34 Middlewares/Third_Party/LwIP/src/core/netif.o
                0x000000000800b4a0                netif_set_up
 .text.netif_set_down
                0x000000000800b4d4       0x38 Middlewares/Third_Party/LwIP/src/core/netif.o
                0x000000000800b4d4                netif_set_down
 .text.netif_get_by_index
                0x000000000800b50c       0x24 Middlewares/Third_Party/LwIP/src/core/netif.o